

================================================================
== Vivado HLS Report for 'music'
================================================================
* Date:           Thu Jul 30 16:23:51 2020

* Version:        2019.1 (Build 2552052 on Fri May 24 15:28:33 MDT 2019)
* Project:        DOA_Estimation_proj
* Solution:       solution1
* Product family: zynq
* Target device:  xc7z020-clg400-1


================================================================
== Performance Estimates
================================================================
+ Timing (ns): 
    * Summary: 
    +--------+-------+----------+------------+
    |  Clock | Target| Estimated| Uncertainty|
    +--------+-------+----------+------------+
    |ap_clk  |  10.00|     9.210|        1.25|
    +--------+-------+----------+------------+

+ Latency (clock cycles): 
    * Summary: 
    +-----+-----+-----+-----+---------+
    |  Latency  |  Interval | Pipeline|
    | min | max | min | max |   Type  |
    +-----+-----+-----+-----+---------+
    |    ?|    ?|    ?|    ?|   none  |
    +-----+-----+-----+-----+---------+

    + Detail: 
        * Instance: 
        +--------------------------------+--------------------+-------+-------+-------+-------+---------+
        |                                |                    |    Latency    |    Interval   | Pipeline|
        |            Instance            |       Module       |  min  |  max  |  min  |  max  |   Type  |
        +--------------------------------+--------------------+-------+-------+-------+-------+---------+
        |grp_eig_decompose_fu_1565       |eig_decompose       |  14883|  43195|  14883|  43195|   none  |
        |grp_fft_fu_1577                 |fft                 |      ?|      ?|      ?|      ?|   none  |
        |grp_Autocorrelation_fu_1591     |Autocorrelation     |   2985|   2985|   2985|   2985|   none  |
        |grp_sin_or_cos_float_s_fu_1599  |sin_or_cos_float_s  |     21|     25|     21|     25|   none  |
        |grp_sin_or_cos_float_s_fu_1615  |sin_or_cos_float_s  |     21|     25|     21|     25|   none  |
        |grp_sort_eigval_fu_1630         |sort_eigval         |     24|     42|     24|     42|   none  |
        |grp_scaled_fixed2ieee_fu_1642   |scaled_fixed2ieee   |     19|     27|     19|     27|   none  |
        +--------------------------------+--------------------+-------+-------+-------+-------+---------+

        * Loop: 
        +----------------------+-----------+-----------+-----------------+-----------+-----------+------+----------+
        |                      |        Latency        |    Iteration    |  Initiation Interval  | Trip |          |
        |       Loop Name      |    min    |    max    |     Latency     |  achieved |   target  | Count| Pipelined|
        +----------------------+-----------+-----------+-----------------+-----------+-----------+------+----------+
        |- Loop 1              |      52223|      52223|               51|          -|          -|  1024|    no    |
        | + Loop 1.1           |         49|         49|                5|          -|          -|    10|    no    |
        |  ++ Loop 1.1.1       |          3|          3|                1|          -|          -|     4|    no    |
        |- Loop 2              |         49|         49|                5|          -|          -|    10|    no    |
        | + Loop 2.1           |          3|          3|                1|          -|          -|     4|    no    |
        |- Loop 3              |         19|         19|                5|          -|          -|     4|    no    |
        | + Loop 3.1           |          3|          3|                1|          -|          -|     4|    no    |
        |- Loop 4              |         11|         11|                3|          -|          -|     4|    no    |
        | + Loop 4.1           |          1|          1|                1|          -|          -|     2|    no    |
        |- Loop 5              |         19|         19|                5|          -|          -|     4|    no    |
        | + Loop 5.1           |          3|          3|                1|          -|          -|     4|    no    |
        |- Loop 6              |       1804|       1804|                5|          -|          -|   361|    no    |
        | + Loop 6.1           |          3|          3|                1|          -|          -|     4|    no    |
        |- Loop 7              |        360|        360|                1|          -|          -|   361|    no    |
        |- Loop 8              |       1447|       1447|              362|          -|          -|     4|    no    |
        | + Loop 8.1           |        360|        360|                1|          -|          -|   361|    no    |
        |- Loop 9              |          ?|          ?|                ?|          -|          -|    10|    no    |
        | + Loop 9.1           |          ?|          ?|                ?|          -|          -|     4|    no    |
        |  ++ Loop 9.1.1       |       2048|       2048|                2|          -|          -|  1024|    no    |
        |  ++ Loop 9.1.2       |       2048|       2048|                2|          -|          -|  1024|    no    |
        |- Loop 10             |  307040256|  353794048| 299844 ~ 345502 |          -|          -|  1024|    no    |
        | + Loop 10.1          |        100|        100|               10|          -|          -|    10|    no    |
        |  ++ Loop 10.1.1      |          8|          8|                2|          -|          -|     4|    no    |
        | + Loop 10.2          |         40|         40|               10|          -|          -|     4|    no    |
        |  ++ Loop 10.2.1      |          8|          8|                2|          -|          -|     4|    no    |
        | + Loop 10.3          |     140088|     157416|  35022 ~ 39354  |          -|          -|     4|    no    |
        |  ++ Loop 10.3.1      |      35017|      39349|     97 ~ 109    |          -|          -|   361|    no    |
        | + Loop 10.4          |        552|        552|              138|          -|          -|     4|    no    |
        |  ++ Loop 10.4.1      |        136|        136|               34|          -|          -|     4|    no    |
        |   +++ Loop 10.4.1.1  |         32|         32|               16|          -|          -|     2|    no    |
        | + Loop 10.5          |      96026|      96026|              266|          -|          -|   361|    no    |
        |  ++ Loop 10.5.1      |        264|        264|               66|          -|          -|     4|    no    |
        |   +++ Loop 10.5.1.1  |         64|         64|               16|          -|          -|     4|    no    |
        | + Loop 10.6          |      45125|      45125|              125|          -|          -|   361|    no    |
        |  ++ Loop 10.6.1      |        116|        116|               29|          -|          -|     4|    no    |
        |- Loop 11             |       6859|       6859|               19|          -|          -|   361|    no    |
        +----------------------+-----------+-----------+-----------------+-----------+-----------+------+----------+



================================================================
== Utilization Estimates
================================================================
* Summary: 
+-----------------+---------+-------+--------+-------+-----+
|       Name      | BRAM_18K| DSP48E|   FF   |  LUT  | URAM|
+-----------------+---------+-------+--------+-------+-----+
|DSP              |        -|      -|       -|      -|    -|
|Expression       |        -|      2|      73|   4159|    -|
|FIFO             |        -|      -|       -|      -|    -|
|Instance         |        8|    335|   44112|  70848|    0|
|Memory           |      293|      -|     597|    892|    0|
|Multiplexer      |        -|      -|       -|   2749|    -|
|Register         |        -|      -|    3850|      -|    -|
+-----------------+---------+-------+--------+-------+-----+
|Total            |      301|    337|   48632|  78648|    0|
+-----------------+---------+-------+--------+-------+-----+
|Available        |      280|    220|  106400|  53200|    0|
+-----------------+---------+-------+--------+-------+-----+
|Utilization (%)  |      107|    153|      45|    147|    0|
+-----------------+---------+-------+--------+-------+-----+

+ Detail: 
    * Instance: 
    +--------------------------------+----------------------+---------+-------+-------+-------+-----+
    |            Instance            |        Module        | BRAM_18K| DSP48E|   FF  |  LUT  | URAM|
    +--------------------------------+----------------------+---------+-------+-------+-------+-----+
    |grp_Autocorrelation_fu_1591     |Autocorrelation       |        0|     16|   2968|   4642|    0|
    |grp_eig_decompose_fu_1565       |eig_decompose         |        8|    138|  22838|  38010|    0|
    |grp_fft_fu_1577                 |fft                   |        0|     42|   9057|  13494|    0|
    |music_dmul_64ns_6Ngs_U194       |music_dmul_64ns_6Ngs  |        0|     11|    317|    578|    0|
    |music_faddfsub_32ibs_U185       |music_faddfsub_32ibs  |        0|      2|    205|    390|    0|
    |music_faddfsub_32ibs_U186       |music_faddfsub_32ibs  |        0|      2|    205|    390|    0|
    |music_fdiv_32ns_3ncg_U191       |music_fdiv_32ns_3ncg  |        0|      0|    761|    994|    0|
    |music_fmul_32ns_3jbC_U187       |music_fmul_32ns_3jbC  |        0|      3|    143|    321|    0|
    |music_fmul_32ns_3jbC_U188       |music_fmul_32ns_3jbC  |        0|      3|    143|    321|    0|
    |music_fmul_32ns_3jbC_U189       |music_fmul_32ns_3jbC  |        0|      3|    143|    321|    0|
    |music_fmul_32ns_3jbC_U190       |music_fmul_32ns_3jbC  |        0|      3|    143|    321|    0|
    |music_fpext_32ns_Mgi_U193       |music_fpext_32ns_Mgi  |        0|      0|    100|    138|    0|
    |music_fptrunc_64nkbM_U192       |music_fptrunc_64nkbM  |        0|      0|    128|    277|    0|
    |music_mul_170ns_5OgC_U197       |music_mul_170ns_5OgC  |        0|     21|    441|    256|    0|
    |music_mul_42ns_33Shg_U204       |music_mul_42ns_33Shg  |        0|      4|    205|     88|    0|
    |music_mul_49ns_44Rg6_U203       |music_mul_49ns_44Rg6  |        0|      9|    233|     85|    0|
    |music_mul_49ns_49PgM_U199       |music_mul_49ns_49PgM  |        0|      9|    233|     85|    0|
    |music_mul_49ns_49PgM_U200       |music_mul_49ns_49PgM  |        0|      9|    233|     85|    0|
    |music_mul_49ns_49PgM_U201       |music_mul_49ns_49PgM  |        0|      9|    233|     85|    0|
    |music_mul_56ns_52QgW_U202       |music_mul_56ns_52QgW  |        0|      9|    176|    219|    0|
    |music_mul_64s_63nThq_U205       |music_mul_64s_63nThq  |        0|     16|    441|    256|    0|
    |music_mux_164_1_1_1_U206        |music_mux_164_1_1_1   |        0|      0|      0|     65|    0|
    |music_mux_164_1_1_1_U207        |music_mux_164_1_1_1   |        0|      0|      0|     65|    0|
    |music_mux_42_32_1_1_U195        |music_mux_42_32_1_1   |        0|      0|      0|     65|    0|
    |music_mux_42_32_1_1_U196        |music_mux_42_32_1_1   |        0|      0|      0|     65|    0|
    |music_mux_83_1_1_1_U198         |music_mux_83_1_1_1    |        0|      0|      0|     65|    0|
    |grp_scaled_fixed2ieee_fu_1642   |scaled_fixed2ieee     |        0|      0|    788|   1652|    0|
    |grp_sin_or_cos_float_s_fu_1599  |sin_or_cos_float_s    |        0|     13|   1642|   2916|    0|
    |grp_sin_or_cos_float_s_fu_1615  |sin_or_cos_float_s    |        0|     13|   1642|   2916|    0|
    |grp_sort_eigval_fu_1630         |sort_eigval           |        0|      0|    694|   1683|    0|
    +--------------------------------+----------------------+---------+-------+-------+-------+-----+
    |Total                           |                      |        8|    335|  44112|  70848|    0|
    +--------------------------------+----------------------+---------+-------+-------+-------+-----+

    * DSP48E: 
    N/A

    * Memory: 
    +-------------------------+----------------------+---------+----+-----+-----+-------+-----+------+-------------+
    |          Memory         |        Module        | BRAM_18K| FF | LUT | URAM| Words | Bits| Banks| W*Bits*Banks|
    +-------------------------+----------------------+---------+----+-----+-----+-------+-----+------+-------------+
    |U_M_real_U               |eig_decompose_Q_tsc4  |        0|  64|    8|    0|     16|   32|     1|          512|
    |U_M_imag_U               |eig_decompose_Q_tsc4  |        0|  64|    8|    0|     16|   32|     1|          512|
    |temp_mat_M_real_U        |eig_decompose_Q_tsc4  |        0|  64|    8|    0|     16|   32|     1|          512|
    |temp_mat_M_imag_U        |eig_decompose_Q_tsc4  |        0|  64|    8|    0|     16|   32|     1|          512|
    |AUU_M_real_U             |music_AUU_M_real      |        4|   0|    0|    0|   1444|   32|     1|        46208|
    |AUU_M_imag_U             |music_AUU_M_real      |        4|   0|    0|    0|   1444|   32|     1|        46208|
    |a_theta_M_real_U         |music_AUU_M_real      |        4|   0|    0|    0|   1444|   32|     1|        46208|
    |a_theta_M_imag_U         |music_AUU_M_real      |        4|   0|    0|    0|   1444|   32|     1|        46208|
    |Autocorr_Buffer_M_r_U    |music_Autocorr_BuGfk  |        2|   0|    0|    0|     40|   32|     1|         1280|
    |Autocorr_Buffer_M_i_U    |music_Autocorr_BuGfk  |        2|   0|    0|    0|     40|   32|     1|         1280|
    |FFT_Buffer_re_U          |music_FFT_Buffer_re   |        2|   0|    0|    0|   1024|   32|     1|        32768|
    |FFT_Buffer_im_U          |music_FFT_Buffer_re   |        2|   0|    0|    0|   1024|   32|     1|        32768|
    |Un_M_real_U              |music_Un_M_real       |        0|  64|    4|    0|      8|   32|     1|          256|
    |Un_M_imag_U              |music_Un_M_real       |        0|  64|    4|    0|      8|   32|     1|          256|
    |Xj_f_M_real_U            |music_Xj_f_M_real     |      128|   0|    0|    0|  40960|   32|     1|      1310720|
    |Xj_f_M_imag_U            |music_Xj_f_M_real     |      128|   0|    0|    0|  40960|   32|     1|      1310720|
    |fc_U                     |music_fc              |        2|   0|    0|    0|   1024|   32|     1|        32768|
    |fourth_order_double_4_U  |music_fourth_ordeBew  |        0|  59|  236|    0|    256|   59|     1|        15104|
    |fourth_order_double_5_U  |music_fourth_ordeCeG  |        0|  52|  208|    0|    256|   52|     1|        13312|
    |fourth_order_double_6_U  |music_fourth_ordeDeQ  |        0|  44|  176|    0|    256|   44|     1|        11264|
    |fourth_order_double_7_U  |music_fourth_ordeEe0  |        0|  33|  132|    0|    256|   33|     1|         8448|
    |fourth_order_double_s_U  |music_fourth_ordeFfa  |        0|  25|  100|    0|    256|   25|     1|         6400|
    |ref_4oPi_table_256_V_U   |music_ref_4oPi_taAem  |        8|   0|    0|    0|     10|  256|     1|         2560|
    |theta_U                  |music_theta           |        1|   0|    0|    0|    361|   32|     1|        11552|
    |w_M_real_U               |music_w_M_real        |        1|   0|    0|    0|    361|   32|     1|        11552|
    |w_M_imag_U               |music_w_M_real        |        1|   0|    0|    0|    361|   32|     1|        11552|
    +-------------------------+----------------------+---------+----+-----+-----+-------+-----+------+-------------+
    |Total                    |                      |      293| 597|  892|    0|  93301| 1109|    26|      3001440|
    +-------------------------+----------------------+---------+----+-----+-----+-------+-----+------+-------------+

    * FIFO: 
    N/A

    * Expression: 
    +-----------------------------------+----------+-------+----+-----+------------+------------+
    |           Variable Name           | Operation| DSP48E| FF | LUT | Bitwidth P0| Bitwidth P1|
    +-----------------------------------+----------+-------+----+-----+------------+------------+
    |r_V_43_fu_3182_p2                  |     *    |      2|   0|   24|          35|          25|
    |add_ln1027_1_fu_1842_p2            |     +    |      0|   0|   19|          14|          14|
    |add_ln1027_2_fu_2108_p2            |     +    |      0|   0|   13|          11|          11|
    |add_ln1027_fu_1826_p2              |     +    |      0|   0|   19|          14|          14|
    |add_ln114_1_fu_2732_p2             |     +    |      0|   0|   13|          11|          11|
    |add_ln114_fu_2898_p2               |     +    |      0|   0|   13|          11|          11|
    |add_ln202_1_fu_1832_p2             |     +    |      0|   0|   13|           4|           1|
    |add_ln202_2_fu_1847_p2             |     +    |      0|   0|   10|           2|           1|
    |add_ln202_fu_1796_p2               |     +    |      0|   0|   14|          10|           1|
    |add_ln204_1_fu_1890_p2             |     +    |      0|   0|   10|           2|           1|
    |add_ln204_fu_1884_p2               |     +    |      0|   0|   13|           4|           1|
    |add_ln205_1_fu_1928_p2             |     +    |      0|   0|   10|           2|           1|
    |add_ln205_fu_1922_p2               |     +    |      0|   0|   10|           2|           1|
    |add_ln206_fu_1960_p2               |     +    |      0|   0|   10|           2|           1|
    |add_ln207_1_fu_1998_p2             |     +    |      0|   0|   10|           2|           1|
    |add_ln207_fu_1992_p2               |     +    |      0|   0|   10|           2|           1|
    |add_ln208_1_fu_2036_p2             |     +    |      0|   0|   10|           2|           1|
    |add_ln208_fu_2030_p2               |     +    |      0|   0|   15|           9|           1|
    |add_ln210_fu_2068_p2               |     +    |      0|   0|   15|           9|           1|
    |add_ln211_1_fu_2098_p2             |     +    |      0|   0|   15|           9|           1|
    |add_ln211_2_fu_2086_p2             |     +    |      0|   0|   13|          11|           9|
    |add_ln211_fu_2092_p2               |     +    |      0|   0|   10|           2|           1|
    |add_ln238_1_fu_2205_p2             |     +    |      0|   0|   24|          17|          17|
    |add_ln238_fu_2188_p2               |     +    |      0|   0|   19|          14|          14|
    |add_ln243_1_fu_2269_p2             |     +    |      0|   0|   64|          15|          15|
    |add_ln243_2_fu_2282_p2             |     +    |      0|   0|   24|          17|          17|
    |add_ln243_fu_2263_p2               |     +    |      0|   0|   64|          15|          15|
    |add_ln255_1_fu_2355_p2             |     +    |      0|   0|   21|          15|          15|
    |add_ln255_2_fu_2400_p2             |     +    |      0|   0|   24|          17|          17|
    |add_ln255_3_fu_2411_p2             |     +    |      0|   0|   15|           7|           7|
    |add_ln255_fu_2333_p2               |     +    |      0|   0|   21|          15|          15|
    |add_ln264_fu_2599_p2               |     +    |      0|   0|   15|           6|           6|
    |add_ln271_fu_2636_p2               |     +    |      0|   0|   13|          11|           9|
    |add_ln276_fu_2694_p2               |     +    |      0|   0|   13|          11|          11|
    |add_ln285_1_fu_3612_p2             |     +    |      0|   0|   15|           5|           5|
    |add_ln285_fu_3607_p2               |     +    |      0|   0|   15|           5|           5|
    |add_ln287_fu_3580_p2               |     +    |      0|   0|   15|           6|           6|
    |add_ln295_1_fu_3738_p2             |     +    |      0|   0|   13|          11|          11|
    |add_ln295_2_fu_3732_p2             |     +    |      0|   0|   13|          11|           9|
    |add_ln295_fu_3727_p2               |     +    |      0|   0|   15|           6|           6|
    |add_ln297_fu_3692_p2               |     +    |      0|   0|   12|          12|          12|
    |add_ln304_1_fu_3835_p2             |     +    |      0|   0|   13|          11|          11|
    |add_ln304_2_fu_3829_p2             |     +    |      0|   0|   13|          11|           9|
    |add_ln304_fu_3818_p2               |     +    |      0|   0|   12|          12|          12|
    |i_5_fu_3522_p2                     |     +    |      0|   0|   12|           3|           1|
    |i_6_fu_3650_p2                     |     +    |      0|   0|   15|           9|           1|
    |i_7_fu_3776_p2                     |     +    |      0|   0|   15|           9|           1|
    |i_fu_3852_p2                       |     +    |      0|   0|   15|           9|           1|
    |j_3_fu_2227_p2                     |     +    |      0|   0|   13|          11|           1|
    |j_4_fu_3558_p2                     |     +    |      0|   0|   12|           3|           1|
    |j_5_fu_3678_p2                     |     +    |      0|   0|   12|           3|           1|
    |j_fu_2182_p2                       |     +    |      0|   0|   13|          11|           1|
    |jj_fu_2298_p2                      |     +    |      0|   0|   13|          11|           1|
    |k_2_fu_3808_p2                     |     +    |      0|   0|   12|           3|           1|
    |k_3_fu_3709_p2                     |     +    |      0|   0|   12|           3|           1|
    |k_fu_3597_p2                       |     +    |      0|   0|   10|           2|           1|
    |l_1_fu_2345_p2                     |     +    |      0|   0|   13|           4|           1|
    |l_fu_2138_p2                       |     +    |      0|   0|   13|           4|           1|
    |n_1_fu_2162_p2                     |     +    |      0|   0|   12|           3|           1|
    |n_fu_2386_p2                       |     +    |      0|   0|   12|           3|           1|
    |ret_V_33_fu_3205_p2                |     +    |      0|   0|   64|          64|          64|
    |ret_V_34_fu_3214_p2                |     +    |      0|   0|   64|          64|          64|
    |ret_V_35_fu_3233_p2                |     +    |      0|   0|   64|          64|          64|
    |ret_V_fu_3241_p2                   |     +    |      0|   0|   64|          64|          64|
    |x_1_fu_2648_p2                     |     +    |      0|   0|   12|           3|           1|
    |x_fu_2535_p2                       |     +    |      0|   0|   12|           3|           1|
    |y_1_fu_2589_p2                     |     +    |      0|   0|   12|           3|           1|
    |y_fu_2679_p2                       |     +    |      0|   0|   15|           9|           1|
    |Ex_V_fu_2931_p2                    |     -    |      0|   0|   13|          11|          11|
    |Mx_bits_V_2_fu_2839_p2             |     -    |      0|   0|  131|           1|         124|
    |ret_V_28_fu_3287_p2                |     -    |      0|   0|   12|           1|          12|
    |sub_ln1311_fu_2958_p2              |     -    |      0|   0|   12|           1|          12|
    |and_ln300_2_fu_3431_p2             |    and   |      0|   0|    2|           1|           1|
    |and_ln300_fu_3409_p2               |    and   |      0|   0|    2|           1|           1|
    |tmp_i_i_i1_fu_2886_p3              |   cttz   |      0|  73|   71|          64|           0|
    |closepath_fu_2726_p2               |   icmp   |      0|   0|   13|          11|          10|
    |icmp_ln202_1_fu_1872_p2            |   icmp   |      0|   0|    9|           4|           4|
    |icmp_ln202_2_fu_1878_p2            |   icmp   |      0|   0|   13|          10|           2|
    |icmp_ln202_fu_1866_p2              |   icmp   |      0|   0|    8|           2|           2|
    |icmp_ln204_1_fu_1916_p2            |   icmp   |      0|   0|    9|           4|           4|
    |icmp_ln204_fu_1910_p2              |   icmp   |      0|   0|    8|           2|           2|
    |icmp_ln205_1_fu_1954_p2            |   icmp   |      0|   0|    8|           2|           2|
    |icmp_ln205_fu_1948_p2              |   icmp   |      0|   0|    8|           2|           2|
    |icmp_ln206_fu_1986_p2              |   icmp   |      0|   0|    8|           2|           2|
    |icmp_ln207_1_fu_2024_p2            |   icmp   |      0|   0|    8|           2|           2|
    |icmp_ln207_fu_2018_p2              |   icmp   |      0|   0|    8|           2|           2|
    |icmp_ln208_1_fu_2062_p2            |   icmp   |      0|   0|   13|           9|           9|
    |icmp_ln208_fu_2056_p2              |   icmp   |      0|   0|    8|           2|           2|
    |icmp_ln210_fu_2080_p2              |   icmp   |      0|   0|   13|           9|           9|
    |icmp_ln211_1_fu_2126_p2            |   icmp   |      0|   0|    8|           2|           2|
    |icmp_ln211_fu_2120_p2              |   icmp   |      0|   0|   13|           9|           9|
    |icmp_ln234_fu_2132_p2              |   icmp   |      0|   0|    9|           4|           4|
    |icmp_ln236_fu_2156_p2              |   icmp   |      0|   0|    9|           3|           4|
    |icmp_ln237_fu_2176_p2              |   icmp   |      0|   0|   13|          11|          12|
    |icmp_ln242_fu_2221_p2              |   icmp   |      0|   0|   13|          11|          12|
    |icmp_ln249_fu_2292_p2              |   icmp   |      0|   0|   13|          11|          12|
    |icmp_ln252_fu_2339_p2              |   icmp   |      0|   0|    9|           4|           4|
    |icmp_ln253_fu_2380_p2              |   icmp   |      0|   0|    9|           3|           4|
    |icmp_ln261_fu_2529_p2              |   icmp   |      0|   0|    9|           3|           4|
    |icmp_ln262_fu_2583_p2              |   icmp   |      0|   0|    9|           3|           4|
    |icmp_ln263_fu_2624_p2              |   icmp   |      0|   0|   18|          32|           1|
    |icmp_ln265_fu_2630_p2              |   icmp   |      0|   0|   18|          32|           1|
    |icmp_ln271_fu_2642_p2              |   icmp   |      0|   0|    9|           3|           4|
    |icmp_ln273_fu_2673_p2              |   icmp   |      0|   0|   13|           9|           9|
    |icmp_ln280_fu_3516_p2              |   icmp   |      0|   0|    9|           3|           4|
    |icmp_ln281_fu_3552_p2              |   icmp   |      0|   0|    9|           3|           4|
    |icmp_ln284_fu_3591_p2              |   icmp   |      0|   0|    9|           2|           3|
    |icmp_ln290_fu_3644_p2              |   icmp   |      0|   0|   13|           9|           9|
    |icmp_ln291_fu_3672_p2              |   icmp   |      0|   0|    9|           3|           4|
    |icmp_ln294_fu_3703_p2              |   icmp   |      0|   0|    9|           3|           4|
    |icmp_ln300_fu_3770_p2              |   icmp   |      0|   0|   13|           9|           9|
    |icmp_ln303_fu_3802_p2              |   icmp   |      0|   0|    9|           3|           4|
    |icmp_ln310_fu_3846_p2              |   icmp   |      0|   0|   13|           9|           9|
    |icmp_ln833_1_fu_2804_p2            |   icmp   |      0|   0|   29|          52|           1|
    |icmp_ln833_2_fu_2950_p2            |   icmp   |      0|   0|   13|          11|           2|
    |icmp_ln833_fu_2945_p2              |   icmp   |      0|   0|   13|          11|           1|
    |r_V_fu_2979_p2                     |   lshr   |      0|   0|  180|          63|          63|
    |ap_block_state106_on_subcall_done  |    or    |      0|   0|    2|           1|           1|
    |or_ln266_fu_2567_p2                |    or    |      0|   0|    4|           4|           1|
    |or_ln300_fu_3449_p2                |    or    |      0|   0|    2|           1|           1|
    |or_ln311_fu_3418_p2                |    or    |      0|   0|    2|           1|           1|
    |addr_V_fu_2738_p3                  |  select  |      0|   0|   11|           1|           7|
    |p_Repl2_6_fu_3478_p3               |  select  |      0|   0|    2|           1|           1|
    |p_Val2_50_fu_2844_p3               |  select  |      0|   0|  124|           1|         124|
    |p_Val2_75_fu_2829_p3               |  select  |      0|   0|    3|           1|           1|
    |r_V_36_fu_2989_p3                  |  select  |      0|   0|   63|           1|          63|
    |ret_V_29_fu_3454_p3                |  select  |      0|   0|   11|           1|          11|
    |ret_V_30_fu_3470_p3                |  select  |      0|   0|   52|           1|          52|
    |select_ln271_fu_3402_p3            |  select  |      0|   0|    2|           1|           1|
    |select_ln272_2_fu_3247_p3          |  select  |      0|   0|   63|           1|           2|
    |select_ln272_fu_3266_p3            |  select  |      0|   0|   11|           1|           1|
    |select_ln300_4_fu_3441_p3          |  select  |      0|   0|    2|           1|           2|
    |select_ln300_6_fu_3462_p3          |  select  |      0|   0|    2|           1|           2|
    |select_ln311_fu_3423_p3            |  select  |      0|   0|    2|           1|           1|
    |select_ln482_fu_2903_p3            |  select  |      0|   0|   11|           1|          11|
    |ush_fu_2964_p3                     |  select  |      0|   0|   12|           1|          12|
    |r_V_20_fu_2984_p2                  |    shl   |      0|   0|  180|          63|          63|
    |r_V_34_fu_2768_p2                  |    shl   |      0|   0|  950|         256|         256|
    |r_V_35_fu_2913_p2                  |    shl   |      0|   0|  411|         124|         124|
    |sin_basis_fu_3050_p2               |    xor   |      0|   0|    2|           1|           2|
    |xor_ln206_fu_1966_p2               |    xor   |      0|   0|    2|           1|           2|
    |xor_ln277_fu_3505_p2               |    xor   |      0|   0|   33|          32|          33|
    |xor_ln300_fu_3435_p2               |    xor   |      0|   0|    2|           2|           1|
    |xor_ln311_fu_3413_p2               |    xor   |      0|   0|    2|           1|           2|
    |xor_ln667_1_fu_3758_p2             |    xor   |      0|   0|   33|          32|          33|
    |xor_ln667_fu_3632_p2               |    xor   |      0|   0|   33|          32|          33|
    +-----------------------------------+----------+-------+----+-----+------------+------------+
    |Total                              |          |      2|  73| 4159|        1815|        1892|
    +-----------------------------------+----------+-------+----+-----+------------+------------+

    * Multiplexer: 
    +--------------------------------+-----+-----------+-----+-----------+
    |              Name              | LUT | Input Size| Bits| Total Bits|
    +--------------------------------+-----+-----------+-----+-----------+
    |AUU_M_imag_address0             |   21|          4|   11|         44|
    |AUU_M_imag_d0                   |   15|          3|   32|         96|
    |AUU_M_real_address0             |   21|          4|   11|         44|
    |AUU_M_real_d0                   |   15|          3|   32|         96|
    |Autocorr_Buffer_M_i_address0    |   21|          4|    6|         24|
    |Autocorr_Buffer_M_i_ce0         |   15|          3|    1|          3|
    |Autocorr_Buffer_M_i_ce1         |    9|          2|    1|          2|
    |Autocorr_Buffer_M_i_d0          |   15|          3|   32|         96|
    |Autocorr_Buffer_M_r_address0    |   21|          4|    6|         24|
    |Autocorr_Buffer_M_r_ce0         |   15|          3|    1|          3|
    |Autocorr_Buffer_M_r_ce1         |    9|          2|    1|          2|
    |Autocorr_Buffer_M_r_d0          |   15|          3|   32|         96|
    |FFT_Buffer_im_address0          |   21|          4|   10|         40|
    |FFT_Buffer_im_ce0               |   15|          3|    1|          3|
    |FFT_Buffer_im_ce1               |    9|          2|    1|          2|
    |FFT_Buffer_im_d0                |   15|          3|   32|         96|
    |FFT_Buffer_im_we0               |   15|          3|    1|          3|
    |FFT_Buffer_im_we1               |    9|          2|    1|          2|
    |FFT_Buffer_re_address0          |   21|          4|   10|         40|
    |FFT_Buffer_re_ce0               |   15|          3|    1|          3|
    |FFT_Buffer_re_ce1               |    9|          2|    1|          2|
    |FFT_Buffer_re_d0                |   15|          3|   32|         96|
    |FFT_Buffer_re_we0               |   15|          3|    1|          3|
    |FFT_Buffer_re_we1               |    9|          2|    1|          2|
    |U_M_imag_address0               |   21|          4|    4|         16|
    |U_M_imag_ce0                    |   15|          3|    1|          3|
    |U_M_imag_d0                     |   15|          3|   32|         96|
    |U_M_imag_we0                    |   15|          3|    1|          3|
    |U_M_real_address0               |   21|          4|    4|         16|
    |U_M_real_ce0                    |   15|          3|    1|          3|
    |U_M_real_d0                     |   15|          3|   32|         96|
    |U_M_real_we0                    |   15|          3|    1|          3|
    |Un_M_imag_address0              |   33|          6|    3|         18|
    |Un_M_imag_d0                    |   15|          3|   32|         96|
    |Un_M_real_address0              |   33|          6|    3|         18|
    |Un_M_real_d0                    |   15|          3|   32|         96|
    |Xj_f_M_imag_address0            |   21|          4|   16|         64|
    |Xj_f_M_imag_d0                  |   15|          3|   32|         96|
    |Xj_f_M_real_address0            |   21|          4|   16|         64|
    |Xj_f_M_real_d0                  |   15|          3|   32|         96|
    |a_theta_M_imag_address0         |   27|          5|   11|         55|
    |a_theta_M_imag_d0               |   15|          3|   32|         96|
    |a_theta_M_real_address0         |   27|          5|   11|         55|
    |a_theta_M_real_d0               |   15|          3|   32|         96|
    |ap_NS_fsm                       |  861|        199|    1|        199|
    |complex_M_imag_read_1_reg_1449  |    9|          2|   32|         64|
    |complex_M_imag_read_2_reg_1508  |    9|          2|   32|         64|
    |complex_M_imag_read_reg_1390    |    9|          2|   32|         64|
    |complex_M_real_read_1_reg_1462  |    9|          2|   32|         64|
    |complex_M_real_read_2_reg_1520  |    9|          2|   32|         64|
    |complex_M_real_read_reg_1403    |    9|          2|   32|         64|
    |grp_fu_1648_opcode              |   15|          3|    2|          6|
    |grp_fu_1648_p0                  |   33|          6|   32|        192|
    |grp_fu_1648_p1                  |   27|          5|   32|        160|
    |grp_fu_1652_opcode              |   15|          3|    2|          6|
    |grp_fu_1652_p0                  |   33|          6|   32|        192|
    |grp_fu_1652_p1                  |   27|          5|   32|        160|
    |grp_fu_1664_p0                  |   38|          7|   32|        224|
    |grp_fu_1664_p1                  |   41|          8|   32|        256|
    |grp_fu_1669_p0                  |   27|          5|   32|        160|
    |grp_fu_1669_p1                  |   33|          6|   32|        192|
    |grp_fu_1674_p0                  |   27|          5|   32|        160|
    |grp_fu_1674_p1                  |   27|          5|   32|        160|
    |grp_fu_1679_p0                  |   27|          5|   32|        160|
    |grp_fu_1679_p1                  |   27|          5|   32|        160|
    |grp_fu_1694_p0                  |   15|          3|   32|         96|
    |grp_fu_1694_p1                  |   15|          3|   32|         96|
    |grp_fu_1700_p0                  |   15|          3|   64|        192|
    |grp_fu_1703_p0                  |   15|          3|   32|         96|
    |grp_fu_1708_p1                  |   15|          3|   64|        192|
    |i38_0_reg_1368                  |    9|          2|    3|          6|
    |i40_0_reg_1427                  |    9|          2|    9|         18|
    |i43_0_reg_1497                  |    9|          2|    9|         18|
    |i45_0_reg_1554                  |    9|          2|    9|         18|
    |j32_0_reg_1255                  |    9|          2|   11|         22|
    |j33_0_reg_1267                  |    9|          2|   11|         22|
    |j39_0_reg_1379                  |    9|          2|    3|          6|
    |j41_0_reg_1438                  |    9|          2|    3|          6|
    |jj_0_reg_1278                   |    9|          2|   11|         22|
    |k42_0_reg_1475                  |    9|          2|    3|          6|
    |k44_0_reg_1532                  |    9|          2|    3|          6|
    |k_0_reg_1416                    |    9|          2|    2|          4|
    |l34_0_reg_1290                  |    9|          2|    4|          8|
    |l_0_reg_1233                    |    9|          2|    4|          8|
    |n35_0_reg_1301                  |    9|          2|    3|          6|
    |n_0_reg_1244                    |    9|          2|    3|          6|
    |phi_ln202_1_reg_1049            |    9|          2|    4|          8|
    |phi_ln202_2_reg_1061            |    9|          2|    2|          4|
    |phi_ln202_reg_1037              |    9|          2|   10|         20|
    |phi_ln204_1_reg_1084            |    9|          2|    2|          4|
    |phi_ln204_reg_1072              |    9|          2|    4|          8|
    |phi_ln205_1_reg_1107            |    9|          2|    2|          4|
    |phi_ln205_reg_1095              |    9|          2|    2|          4|
    |phi_ln206_1_reg_1130            |    9|          2|    1|          2|
    |phi_ln206_reg_1118              |    9|          2|    2|          4|
    |phi_ln207_1_reg_1153            |    9|          2|    2|          4|
    |phi_ln207_reg_1141              |    9|          2|    2|          4|
    |phi_ln208_1_reg_1176            |    9|          2|    2|          4|
    |phi_ln208_reg_1164              |    9|          2|    9|         18|
    |phi_ln210_reg_1187              |    9|          2|    9|         18|
    |phi_ln211_1_reg_1222            |    9|          2|    9|         18|
    |phi_ln211_reg_1198              |    9|          2|    2|          4|
    |phi_mul11_reg_1543              |    9|          2|   11|         22|
    |phi_mul7_reg_1345               |    9|          2|   11|         22|
    |phi_mul9_reg_1486               |    9|          2|   11|         22|
    |phi_mul_reg_1210                |    9|          2|   11|         22|
    |temp_mat_M_imag_address0        |   33|          6|    4|         24|
    |temp_mat_M_imag_ce0             |   21|          4|    1|          4|
    |temp_mat_M_imag_d0              |   21|          4|   32|        128|
    |temp_mat_M_imag_we0             |   15|          3|    1|          3|
    |temp_mat_M_real_address0        |   33|          6|    4|         24|
    |temp_mat_M_real_ce0             |   21|          4|    1|          4|
    |temp_mat_M_real_d0              |   21|          4|   32|        128|
    |temp_mat_M_real_we0             |   15|          3|    1|          3|
    |w_M_imag_address0               |   21|          4|    9|         36|
    |w_M_imag_d0                     |   15|          3|   32|         96|
    |w_M_real_address0               |   27|          5|    9|         45|
    |w_M_real_d0                     |   15|          3|   32|         96|
    |x36_0_reg_1334                  |    9|          2|    3|          6|
    |x_0_reg_1312                    |    9|          2|    3|          6|
    |y37_0_reg_1357                  |    9|          2|    9|         18|
    |y_0_reg_1323                    |    9|          2|    3|          6|
    +--------------------------------+-----+-----------+-----+-----------+
    |Total                           | 2749|        575| 1766|       6376|
    +--------------------------------+-----+-----------+-----+-----------+

    * Register: 
    +---------------------------------------------+-----+----+-----+-----------+
    |                     Name                    |  FF | LUT| Bits| Const Bits|
    +---------------------------------------------+-----+----+-----+-----------+
    |AUU_M_imag_addr_2_reg_4851                   |   11|   0|   11|          0|
    |AUU_M_real_addr_2_reg_4846                   |   11|   0|   11|          0|
    |B_V_reg_4494                                 |   56|   0|   56|          0|
    |B_fourth_power_V_reg_4598                    |   35|   0|   35|          0|
    |B_squared_V_reg_4535                         |   49|   0|   49|          0|
    |B_third_power_V_reg_4593                     |   42|   0|   42|          0|
    |B_trunc_V_reg_4499                           |   49|   0|   49|          0|
    |Ex_V_reg_4464                                |   11|   0|   11|          0|
    |Mx_V_reg_4457                                |   63|   0|   63|          0|
    |Mx_zeros_V_reg_4451                          |    6|   0|    6|          0|
    |Un_M_imag_addr_1_reg_4291                    |    2|   0|    3|          1|
    |Un_M_imag_addr_2_reg_4296                    |    2|   0|    3|          1|
    |Un_M_real_addr_1_reg_4281                    |    2|   0|    3|          1|
    |Un_M_real_addr_2_reg_4286                    |    2|   0|    3|          1|
    |add_ln1027_1_reg_3878                        |   14|   0|   14|          0|
    |add_ln1027_reg_3868                          |   13|   0|   14|          1|
    |add_ln202_1_reg_3873                         |    4|   0|    4|          0|
    |add_ln202_reg_3863                           |   10|   0|   10|          0|
    |add_ln204_reg_3897                           |    4|   0|    4|          0|
    |add_ln205_reg_3913                           |    2|   0|    2|          0|
    |add_ln206_reg_3929                           |    2|   0|    2|          0|
    |add_ln207_reg_3942                           |    2|   0|    2|          0|
    |add_ln208_reg_3958                           |    9|   0|    9|          0|
    |add_ln211_2_reg_3982                         |   11|   0|   11|          0|
    |add_ln211_reg_3987                           |    2|   0|    2|          0|
    |add_ln243_2_reg_4104                         |   17|   0|   17|          0|
    |add_ln255_3_reg_4183                         |    7|   0|    7|          0|
    |add_ln255_reg_4137                           |   14|   0|   15|          1|
    |add_ln271_reg_4327                           |   11|   0|   11|          0|
    |add_ln276_reg_4353                           |   11|   0|   11|          0|
    |add_ln285_reg_4762                           |    5|   0|    5|          0|
    |add_ln295_2_reg_4869                         |   11|   0|   11|          0|
    |add_ln295_reg_4864                           |    6|   0|    6|          0|
    |add_ln304_2_reg_4964                         |   11|   0|   11|          0|
    |and_ln300_reg_4678                           |    1|   0|    1|          0|
    |ap_CS_fsm                                    |  198|   0|  198|          0|
    |closepath_reg_4387                           |    1|   0|    1|          0|
    |complex_M_imag_read_1_reg_1449               |   32|   0|   32|          0|
    |complex_M_imag_read_2_reg_1508               |   32|   0|   32|          0|
    |complex_M_imag_read_reg_1390                 |   32|   0|   32|          0|
    |complex_M_real_read_1_reg_1462               |   32|   0|   32|          0|
    |complex_M_real_read_2_reg_1520               |   32|   0|   32|          0|
    |complex_M_real_read_reg_1403                 |   32|   0|   32|          0|
    |cos_basis_reg_4504                           |    1|   0|    1|          0|
    |eigval_0_1_fu_398                            |   32|   0|   32|          0|
    |eigval_0_reg_4228                            |   32|   0|   32|          0|
    |eigval_1_1_fu_402                            |   32|   0|   32|          0|
    |eigval_1_reg_4233                            |   32|   0|   32|          0|
    |eigval_2_1_fu_406                            |   32|   0|   32|          0|
    |eigval_2_reg_4238                            |   32|   0|   32|          0|
    |eigval_3_1_fu_410                            |   32|   0|   32|          0|
    |eigval_3_reg_4243                            |   32|   0|   32|          0|
    |fourth_order_double_10_reg_4541              |   52|   0|   52|          0|
    |fourth_order_double_12_reg_4546              |   44|   0|   44|          0|
    |fourth_order_double_14_reg_4618              |   33|   0|   33|          0|
    |fourth_order_double_16_reg_4623              |   25|   0|   25|          0|
    |grp_Autocorrelation_fu_1591_ap_start_reg     |    1|   0|    1|          0|
    |grp_eig_decompose_fu_1565_ap_start_reg       |    1|   0|    1|          0|
    |grp_fft_fu_1577_ap_start_reg                 |    1|   0|    1|          0|
    |grp_scaled_fixed2ieee_fu_1642_ap_start_reg   |    1|   0|    1|          0|
    |grp_sin_or_cos_float_s_fu_1599_ap_start_reg  |    1|   0|    1|          0|
    |grp_sin_or_cos_float_s_fu_1615_ap_start_reg  |    1|   0|    1|          0|
    |grp_sort_eigval_fu_1630_ap_start_reg         |    1|   0|    1|          0|
    |i38_0_reg_1368                               |    3|   0|    3|          0|
    |i40_0_reg_1427                               |    9|   0|    9|          0|
    |i43_0_reg_1497                               |    9|   0|    9|          0|
    |i45_0_reg_1554                               |    9|   0|    9|          0|
    |i_5_reg_4716                                 |    3|   0|    3|          0|
    |i_6_reg_4818                                 |    9|   0|    9|          0|
    |i_7_reg_4925                                 |    9|   0|    9|          0|
    |i_reg_5019                                   |    9|   0|    9|          0|
    |icmp_ln263_reg_4319                          |    1|   0|    1|          0|
    |icmp_ln265_reg_4323                          |    1|   0|    1|          0|
    |icmp_ln833_1_reg_4418                        |    1|   0|    1|          0|
    |icmp_ln833_2_reg_4482                        |    1|   0|    1|          0|
    |icmp_ln833_reg_4476                          |    1|   0|    1|          0|
    |isNeg_reg_4470                               |    1|   0|    1|          0|
    |j32_0_reg_1255                               |   11|   0|   11|          0|
    |j33_0_reg_1267                               |   11|   0|   11|          0|
    |j39_0_reg_1379                               |    3|   0|    3|          0|
    |j41_0_reg_1438                               |    3|   0|    3|          0|
    |j_3_reg_4099                                 |   11|   0|   11|          0|
    |j_4_reg_4734                                 |    3|   0|    3|          0|
    |j_5_reg_4836                                 |    3|   0|    3|          0|
    |j_reg_4086                                   |   11|   0|   11|          0|
    |jj_0_reg_1278                                |   11|   0|   11|          0|
    |jj_reg_4122                                  |   11|   0|   11|          0|
    |k42_0_reg_1475                               |    3|   0|    3|          0|
    |k44_0_reg_1532                               |    3|   0|    3|          0|
    |k_0_reg_1416                                 |    2|   0|    2|          0|
    |k_2_reg_4949                                 |    3|   0|    3|          0|
    |k_3_reg_4859                                 |    3|   0|    3|          0|
    |k_reg_4757                                   |    2|   0|    2|          0|
    |l34_0_reg_1290                               |    4|   0|    4|          0|
    |l_0_reg_1233                                 |    4|   0|    4|          0|
    |l_1_reg_4150                                 |    4|   0|    4|          0|
    |l_reg_4006                                   |    4|   0|    4|          0|
    |n35_0_reg_1301                               |    3|   0|    3|          0|
    |n_0_reg_1244                                 |    3|   0|    3|          0|
    |n_1_reg_4072                                 |    3|   0|    3|          0|
    |n_reg_4168                                   |    3|   0|    3|          0|
    |p_Result_i_i_i_64_reg_4446                   |   61|   0|   61|          0|
    |p_Result_i_i_reg_4489                        |    7|   0|    7|          0|
    |p_Val2_50_reg_4441                           |  124|   0|  124|          0|
    |p_Val2_59_reg_4603                           |   59|   0|   59|          0|
    |p_Val2_74_reg_4424                           |  124|   0|  124|          0|
    |p_Val2_75_reg_4435                           |    3|   0|    3|          0|
    |p_r_M_imag_8_reg_4995                        |   32|   0|   32|          0|
    |p_r_M_real_8_reg_4989                        |   32|   0|   32|          0|
    |p_t_real_reg_4787                            |   32|   0|   32|          0|
    |phi_ln202_1_reg_1049                         |    4|   0|    4|          0|
    |phi_ln202_2_reg_1061                         |    2|   0|    2|          0|
    |phi_ln202_reg_1037                           |   10|   0|   10|          0|
    |phi_ln204_1_reg_1084                         |    2|   0|    2|          0|
    |phi_ln204_reg_1072                           |    4|   0|    4|          0|
    |phi_ln205_1_reg_1107                         |    2|   0|    2|          0|
    |phi_ln205_reg_1095                           |    2|   0|    2|          0|
    |phi_ln206_1_reg_1130                         |    1|   0|    1|          0|
    |phi_ln206_reg_1118                           |    2|   0|    2|          0|
    |phi_ln207_1_reg_1153                         |    2|   0|    2|          0|
    |phi_ln207_reg_1141                           |    2|   0|    2|          0|
    |phi_ln208_1_reg_1176                         |    2|   0|    2|          0|
    |phi_ln208_reg_1164                           |    9|   0|    9|          0|
    |phi_ln210_reg_1187                           |    9|   0|    9|          0|
    |phi_ln211_1_reg_1222                         |    9|   0|    9|          0|
    |phi_ln211_reg_1198                           |    2|   0|    2|          0|
    |phi_mul11_reg_1543                           |   11|   0|   11|          0|
    |phi_mul7_reg_1345                            |   11|   0|   11|          0|
    |phi_mul9_reg_1486                            |   11|   0|   11|          0|
    |phi_mul_reg_1210                             |   11|   0|   11|          0|
    |r_V_22_reg_4511                              |   49|   0|   98|         49|
    |reg_1714                                     |   64|   0|   64|          0|
    |reg_1719                                     |   64|   0|   64|          0|
    |reg_1724                                     |   32|   0|   32|          0|
    |reg_1731                                     |   32|   0|   32|          0|
    |reg_1738                                     |   32|   0|   32|          0|
    |reg_1744                                     |   32|   0|   32|          0|
    |reg_1750                                     |   32|   0|   32|          0|
    |reg_1755                                     |   32|   0|   32|          0|
    |reg_1760                                     |   32|   0|   32|          0|
    |reg_1768                                     |   32|   0|   32|          0|
    |reg_1776                                     |   32|   0|   32|          0|
    |reg_1784                                     |   32|   0|   32|          0|
    |reg_1790                                     |   32|   0|   32|          0|
    |result_V_reg_4668                            |   63|   0|   63|          0|
    |results_sign_V_2_reg_4368                    |    1|   0|    1|          0|
    |ret_V_28_reg_4673                            |   12|   0|   12|          0|
    |ret_V_29_reg_4688                            |   11|   0|   11|          0|
    |ret_V_30_reg_4693                            |   52|   0|   52|          0|
    |ret_V_31_reg_4403                            |  170|   0|  170|          0|
    |ret_V_34_reg_4643                            |   64|   0|   64|          0|
    |ret_V_reg_4653                               |   64|   0|   64|          0|
    |select_ln311_reg_4683                        |    1|   0|    1|          0|
    |shl_ln_reg_4011                              |    4|   0|   14|         10|
    |sinpitheta_reg_4703                          |   32|   0|   32|          0|
    |sort_index_0_1_fu_414                        |   32|   0|   32|          0|
    |sort_index_0_reg_4248                        |   32|   0|   32|          0|
    |sort_index_1_1_fu_418                        |   32|   0|   32|          0|
    |sort_index_1_reg_4253                        |   32|   0|   32|          0|
    |sort_index_2_1_fu_422                        |   32|   0|   32|          0|
    |sort_index_2_reg_4258                        |   32|   0|   32|          0|
    |sort_index_3_1_fu_426                        |   32|   0|   32|          0|
    |sort_index_3_reg_4263                        |   32|   0|   32|          0|
    |temp_mat_M_imag_add_1_reg_4749               |    4|   0|    4|          0|
    |temp_mat_M_real_add_1_reg_4744               |    4|   0|    4|          0|
    |tmp_25_cast_reg_4155                         |   15|   0|   17|          2|
    |tmp_35_reg_4648                              |   37|   0|   37|          0|
    |tmp_36_reg_4638                              |   29|   0|   29|          0|
    |tmp_7_reg_4708                               |   32|   0|   32|          0|
    |tmp_V_4_reg_4381                             |   52|   0|   52|          0|
    |tmp_V_reg_4374                               |   11|   0|   11|          0|
    |tpf_reg_4142                                 |   32|   0|   32|          0|
    |trunc_ln601_reg_4398                         |    7|   0|    7|          0|
    |trunc_ln662_1_reg_4613                       |   48|   0|   48|          0|
    |trunc_ln_i_i_reg_4430                        |    3|   0|    3|          0|
    |trunc_ln_reg_4608                            |   56|   0|   56|          0|
    |w_M_imag_addr_1_reg_4984                     |    9|   0|    9|          0|
    |w_M_imag_load_reg_5011                       |   32|   0|   32|          0|
    |w_M_real_addr_2_reg_4979                     |    9|   0|    9|          0|
    |x36_0_reg_1334                               |    3|   0|    3|          0|
    |x_0_reg_1312                                 |    3|   0|    3|          0|
    |x_1_reg_4335                                 |    3|   0|    3|          0|
    |x_reg_4271                                   |    3|   0|    3|          0|
    |y37_0_reg_1357                               |    9|   0|    9|          0|
    |y_0_reg_1323                                 |    3|   0|    3|          0|
    |y_1_reg_4304                                 |    3|   0|    3|          0|
    |y_reg_4348                                   |    9|   0|    9|          0|
    |zext_ln236_reg_4016                          |    4|   0|   15|         11|
    |zext_ln237_1_reg_4077                        |    3|   0|   17|         14|
    |zext_ln253_reg_4160                          |    4|   0|    7|          3|
    |zext_ln264_reg_4276                          |    3|   0|    6|          3|
    |zext_ln281_reg_4726                          |    3|   0|    6|          3|
    |zext_ln287_1_reg_4739                        |    3|   0|    5|          2|
    |zext_ln287_reg_4721                          |    3|   0|    5|          2|
    |zext_ln291_reg_4828                          |    9|   0|   12|          3|
    |zext_ln297_1_reg_4841                        |    3|   0|    6|          3|
    |zext_ln297_reg_4823                          |    9|   0|   11|          2|
    |zext_ln303_reg_4941                          |    9|   0|   12|          3|
    |zext_ln304_1_reg_4936                        |    9|   0|   11|          2|
    |zext_ln304_reg_4930                          |    9|   0|   64|         55|
    |zext_ln312_reg_5024                          |    9|   0|   64|         55|
    |zext_ln498_reg_4518                          |    8|   0|   64|         56|
    +---------------------------------------------+-----+----+-----+-----------+
    |Total                                        | 3850|   0| 4134|        284|
    +---------------------------------------------+-----+----+-----+-----------+



================================================================
== Interface
================================================================
* Summary: 
+---------------+-----+-----+------------+--------------+--------------+
|   RTL Ports   | Dir | Bits|  Protocol  | Source Object|    C Type    |
+---------------+-----+-----+------------+--------------+--------------+
|ap_clk         |  in |    1| ap_ctrl_hs |     music    | return value |
|ap_rst         |  in |    1| ap_ctrl_hs |     music    | return value |
|ap_start       |  in |    1| ap_ctrl_hs |     music    | return value |
|ap_done        | out |    1| ap_ctrl_hs |     music    | return value |
|ap_idle        | out |    1| ap_ctrl_hs |     music    | return value |
|ap_ready       | out |    1| ap_ctrl_hs |     music    | return value |
|X_address0     | out |   16|  ap_memory |       X      |     array    |
|X_ce0          | out |    1|  ap_memory |       X      |     array    |
|X_q0           |  in |   32|  ap_memory |       X      |     array    |
|P_sm_address0  | out |    9|  ap_memory |     P_sm     |     array    |
|P_sm_ce0       | out |    1|  ap_memory |     P_sm     |     array    |
|P_sm_we0       | out |    1|  ap_memory |     P_sm     |     array    |
|P_sm_d0        | out |   32|  ap_memory |     P_sm     |     array    |
+---------------+-----+-----+------------+--------------+--------------+

