

================================================================
== Vivado HLS Report for 'music'
================================================================
* Date:           Fri Jul 31 00:56:33 2020

* Version:        2019.1 (Build 2552052 on Fri May 24 15:28:33 MDT 2019)
* Project:        DOA_Estimation_proj
* Solution:       solution2
* Product family: zynq
* Target device:  xc7z020-clg400-1


================================================================
== Performance Estimates
================================================================
+ Timing (ns): 
    * Summary: 
    +--------+-------+----------+------------+
    |  Clock | Target| Estimated| Uncertainty|
    +--------+-------+----------+------------+
    |ap_clk  |  20.00|    17.801|        2.50|
    +--------+-------+----------+------------+

+ Latency (clock cycles): 
    * Summary: 
    +-----------+------------+-----------+------------+---------+
    |         Latency        |        Interval        | Pipeline|
    |    min    |     max    |    min    |     max    |   Type  |
    +-----------+------------+-----------+------------+---------+
    |  185488550|  3578412134|  185488550|  3578412134|   none  |
    +-----------+------------+-----------+------------+---------+

    + Detail: 
        * Instance: 
        +--------------------------------+--------------------+-----+------+-----+------+----------+
        |                                |                    |   Latency  |  Interval  | Pipeline |
        |            Instance            |       Module       | min |  max | min |  max |   Type   |
        +--------------------------------+--------------------+-----+------+-----+------+----------+
        |grp_qrf_top_fu_2711             |qrf_top             |  118|  1666|  119|  1667| dataflow |
        |grp_sin_or_cos_float_s_fu_2721  |sin_or_cos_float_s  |   15|    19|   15|    19|   none   |
        |grp_sin_or_cos_float_s_fu_2737  |sin_or_cos_float_s  |   15|    19|   15|    19|   none   |
        |grp_scaled_fixed2ieee_fu_2754   |scaled_fixed2ieee   |   19|    27|   19|    27|   none   |
        +--------------------------------+--------------------+-----+------+-----+------+----------+

        * Loop: 
        +--------------------------------+-----------+------------+-------------------+-----------+-----------+----------+----------+
        |                                |         Latency        |     Iteration     |  Initiation Interval  |   Trip   |          |
        |            Loop Name           |    min    |     max    |      Latency      |  achieved |   target  |   Count  | Pipelined|
        +--------------------------------+-----------+------------+-------------------+-----------+-----------+----------+----------+
        |- Loop 1                        |         49|          49|                  5|          -|          -|        10|    no    |
        | + Loop 1.1                     |          3|           3|                  1|          -|          -|         4|    no    |
        |- Loop 2                        |         19|          19|                  5|          -|          -|         4|    no    |
        | + Loop 2.1                     |          3|           3|                  1|          -|          -|         4|    no    |
        |- Loop 3                        |         11|          11|                  3|          -|          -|         4|    no    |
        | + Loop 3.1                     |          1|           1|                  1|          -|          -|         2|    no    |
        |- Loop 4                        |         19|          19|                  5|          -|          -|         4|    no    |
        | + Loop 4.1                     |          3|           3|                  1|          -|          -|         4|    no    |
        |- Loop 5                        |       1804|        1804|                  5|          -|          -|       361|    no    |
        | + Loop 5.1                     |          3|           3|                  1|          -|          -|         4|    no    |
        |- Loop 6                        |        360|         360|                  1|          -|          -|       361|    no    |
        |- Loop 7                        |       1447|        1447|                362|          -|          -|         4|    no    |
        | + Loop 7.1                     |        360|         360|                  1|          -|          -|       361|    no    |
        |- Loop 8                        |     720540|  3361105500| 72054 ~ 336110550 |          -|          -|        10|    no    |
        | + Loop 8.1                     |      72052|   336110548|  18013 ~ 84027637 |          -|          -|         4|    no    |
        |  ++ Loop 8.1.1                 |       2048|        2048|                  2|          -|          -|      1024|    no    |
        |  ++ Loop 8.1.2                 |      13312|       14336|      13 ~ 14      |          -|          -|      1024|    no    |
        |   +++ reverse_bits_label14     |         10|          10|                  1|          -|          -|        10|    no    |
        |  ++ stages                     |        600|    84009200|    60 ~ 8400920   |          -|          -|        10|    no    |
        |   +++ butterfly                |         36|     8400896|     36 ~ 16408    |          -|          -|  1 ~ 512 |    no    |
        |    ++++ DFTpts                 |         16|       16384|                 16|          -|          -| 1 ~ 1024 |    no    |
        |  ++ Loop 8.1.4                 |       2048|        2048|                  2|          -|          -|      1024|    no    |
        |- music_label1                  |  184760320|   217298944|  180430 ~ 212206  |          -|          -|      1024|    no    |
        | + music_label1.1               |        100|         100|                 10|          -|          -|        10|    no    |
        |  ++ music_label1.1.1           |          8|           8|                  2|          -|          -|         4|    no    |
        | + music_label1.2               |       2024|        2024|                506|          -|          -|         4|    no    |
        |  ++ music_label1.2.1           |        504|         504|                126|          -|          -|         4|    no    |
        |   +++ Autocorrelation_label17  |        110|         110|                 11|          -|          -|        10|    no    |
        | + music_label1.3               |         19|          19|                  5|          -|          -|         4|    no    |
        |  ++ music_label1.3.1           |          3|           3|                  1|          -|          -|         4|    no    |
        | + music_label1.4               |         19|          19|                  5|          -|          -|         4|    no    |
        |  ++ music_label1.4.1           |          3|           3|                  1|          -|          -|         4|    no    |
        | + music_label1.5               |         19|          19|                  5|          -|          -|         4|    no    |
        |  ++ music_label1.5.1           |          3|           3|                  1|          -|          -|         4|    no    |
        | + music_label1.6               |         19|          19|                  5|          -|          -|         4|    no    |
        |  ++ music_label1.6.1           |          3|           3|                  1|          -|          -|         4|    no    |
        | + music_label1.7               |         40|          40|                 10|          -|          -|         4|    no    |
        |  ++ music_label1.7.1           |          8|           8|                  2|          -|          -|         4|    no    |
        | + music_label1.8               |       6920|       19304|     865 ~ 2413    |          -|          -|         8|    no    |
        |  ++ music_label1.8.1           |        744|         744|                186|          -|          -|         4|    no    |
        |   +++ music_label1.8.1.1       |        184|         184|                 46|          -|          -|         4|    no    |
        |    ++++ eig_decompose_label7   |         44|          44|                 11|          -|          -|         4|    no    |
        | + music_label1.9               |       1788|        3828|     447 ~ 957     |          -|          -|         4|    no    |
        |  ++ music_label1.9.1           |         56|          56|                 14|          -|          -|         4|    no    |
        |   +++ eig_decompose_label12    |          8|           8|                  2|          -|          -|         4|    no    |
        |  ++ music_label1.9.2           |        198|         642|      66 ~ 214     |          -|          -|         3|    no    |
        |   +++ eig_decompose_label9     |         32|          64|                 16|          -|          -|   2 ~ 4  |    no    |
        |   +++ music_label1.9.2.2       |         25|         141|      25 ~ 47      |          -|          -|   1 ~ 3  |    no    |
        |    ++++ eig_decompose_label8   |         22|          44|                 11|          -|          -|   2 ~ 4  |    no    |
        |  ++ eig_decompose_label11      |        111|         177|      37 ~ 59      |          -|          -|         3|    no    |
        |   +++ eig_decompose_label10    |         11|          33|                 11|          -|          -|   1 ~ 3  |    no    |
        |  ++ eig_decompose_label13      |         64|          64|                 16|          -|          -|         4|    no    |
        | + music_label1.10              |          4|           4|                  1|          -|          -|         4|    no    |
        | + music_label1.11              |         24|          48|       8 ~ 16      |          -|          -|         3|    no    |
        |  ++ music_label1.11.1          |          4|          12|                  4|          -|          -|   1 ~ 3  |    no    |
        | + music_label1.12              |         56|          56|                 14|          -|          -|         4|    no    |
        |  ++ music_label1.12.1          |         12|          12|                  3|          -|          -|         4|    no    |
        | + music_label1.13              |      83768|      101096|   20942 ~ 25274   |          -|          -|         4|    no    |
        |  ++ music_label2               |      20938|       25270|      58 ~ 70      |          -|          -|       361|    no    |
        | + music_label1.14              |        392|         392|                 98|          -|          -|         4|    no    |
        |  ++ music_label1.14.1          |         96|          96|                 24|          -|          -|         4|    no    |
        |   +++ music_label3             |         22|          22|                 11|          -|          -|         2|    no    |
        | + music_label1.15              |      67146|       67146|                186|          -|          -|       361|    no    |
        |  ++ music_label1.15.1          |        184|         184|                 46|          -|          -|         4|    no    |
        |   +++ music_label4             |         44|          44|                 11|          -|          -|         4|    no    |
        | + music_label1.16              |      18050|       18050|                 50|          -|          -|       361|    no    |
        |  ++ music_label5               |         44|          44|                 11|          -|          -|         4|    no    |
        |- music_label6                  |       3971|        3971|                 11|          -|          -|       361|    no    |
        +--------------------------------+-----------+------------+-------------------+-----------+-----------+----------+----------+



================================================================
== Utilization Estimates
================================================================
* Summary: 
+-----------------+---------+-------+--------+-------+-----+
|       Name      | BRAM_18K| DSP48E|   FF   |  LUT  | URAM|
+-----------------+---------+-------+--------+-------+-----+
|DSP              |        -|      -|       -|      -|    -|
|Expression       |        -|     67|      73|   5696|    -|
|FIFO             |        -|      -|       -|      -|    -|
|Instance         |       12|    128|   15138|  33843|    0|
|Memory           |       38|      -|    1205|    960|    0|
|Multiplexer      |        -|      -|       -|   4703|    -|
|Register         |        -|      -|    4489|      -|    -|
+-----------------+---------+-------+--------+-------+-----+
|Total            |       50|    195|   20905|  45202|    0|
+-----------------+---------+-------+--------+-------+-----+
|Available        |      280|    220|  106400|  53200|    0|
+-----------------+---------+-------+--------+-------+-----+
|Utilization (%)  |       17|     88|      19|     84|    0|
+-----------------+---------+-------+--------+-------+-----+

+ Detail: 
    * Instance: 
    +--------------------------------+----------------------+---------+-------+------+-------+-----+
    |            Instance            |        Module        | BRAM_18K| DSP48E|  FF  |  LUT  | URAM|
    +--------------------------------+----------------------+---------+-------+------+-------+-----+
    |music_ddiv_64ns_6KfY_U97        |music_ddiv_64ns_6KfY  |        0|      0|  1710|   3613|    0|
    |music_dmul_64ns_6JfO_U96        |music_dmul_64ns_6JfO  |        0|     11|   275|    558|    0|
    |music_faddfsub_32jbC_U81        |music_faddfsub_32jbC  |        0|      2|   227|    403|    0|
    |music_faddfsub_32jbC_U82        |music_faddfsub_32jbC  |        0|      2|   227|    403|    0|
    |music_fcmp_32ns_3ocq_U94        |music_fcmp_32ns_3ocq  |        0|      0|    66|    239|    0|
    |music_fdiv_32ns_3ncg_U90        |music_fdiv_32ns_3ncg  |        0|      0|   363|    986|    0|
    |music_fdiv_32ns_3ncg_U91        |music_fdiv_32ns_3ncg  |        0|      0|   363|    986|    0|
    |music_fmul_32ns_3mb6_U84        |music_fmul_32ns_3mb6  |        0|      3|   128|    320|    0|
    |music_fmul_32ns_3mb6_U85        |music_fmul_32ns_3mb6  |        0|      3|   128|    320|    0|
    |music_fmul_32ns_3mb6_U86        |music_fmul_32ns_3mb6  |        0|      3|   128|    320|    0|
    |music_fmul_32ns_3mb6_U87        |music_fmul_32ns_3mb6  |        0|      3|   128|    320|    0|
    |music_fmul_32ns_3mb6_U88        |music_fmul_32ns_3mb6  |        0|      3|   128|    320|    0|
    |music_fmul_32ns_3mb6_U89        |music_fmul_32ns_3mb6  |        0|      3|   128|    320|    0|
    |music_fpext_32ns_IfE_U93        |music_fpext_32ns_IfE  |        0|      0|   100|    138|    0|
    |music_fptrunc_64nHfu_U92        |music_fptrunc_64nHfu  |        0|      0|   128|    277|    0|
    |music_fsqrt_32ns_pcA_U95        |music_fsqrt_32ns_pcA  |        0|      0|   242|    604|    0|
    |music_fsub_32ns_3kbM_U83        |music_fsub_32ns_3kbM  |        0|      2|   227|    403|    0|
    |music_mul_170ns_5Mgi_U99        |music_mul_170ns_5Mgi  |        0|     30|   361|    195|    0|
    |music_mux_164_1_1_1_U101        |music_mux_164_1_1_1   |        0|      0|     0|     65|    0|
    |music_mux_164_1_1_1_U102        |music_mux_164_1_1_1   |        0|      0|     0|     65|    0|
    |music_mux_83_1_1_1_U100         |music_mux_83_1_1_1    |        0|      0|     0|     65|    0|
    |music_sitodp_32nsLf8_U98        |music_sitodp_32nsLf8  |        0|      0|   189|    578|    0|
    |grp_qrf_top_fu_2711             |qrf_top               |        8|     37|  7586|  15577|    0|
    |grp_scaled_fixed2ieee_fu_2754   |scaled_fixed2ieee     |        0|      0|   450|   1598|    0|
    |grp_sin_or_cos_float_s_fu_2721  |sin_or_cos_float_s    |        2|     13|   928|   2585|    0|
    |grp_sin_or_cos_float_s_fu_2737  |sin_or_cos_float_s    |        2|     13|   928|   2585|    0|
    +--------------------------------+----------------------+---------+-------+------+-------+-----+
    |Total                           |                      |       12|    128| 15138|  33843|    0|
    +--------------------------------+----------------------+---------+-------+------+-------+-----+

    * DSP48E: 
    N/A

    * Memory: 
    +-------------------------+----------------------+---------+----+-----+-----+------+-----+------+-------------+
    |          Memory         |        Module        | BRAM_18K| FF | LUT | URAM| Words| Bits| Banks| W*Bits*Banks|
    +-------------------------+----------------------+---------+----+-----+-----+------+-----+------+-------------+
    |AUU_M_real_U             |music_AUU_M_real      |        4|   0|    0|    0|  1444|   32|     1|        46208|
    |AUU_M_imag_U             |music_AUU_M_real      |        4|   0|    0|    0|  1444|   32|     1|        46208|
    |a_theta_M_real_U         |music_AUU_M_real      |        4|   0|    0|    0|  1444|   32|     1|        46208|
    |a_theta_M_imag_U         |music_AUU_M_real      |        4|   0|    0|    0|  1444|   32|     1|        46208|
    |Autocorr_Buffer_M_r_U    |music_Autocorr_BuBew  |        2|   0|    0|    0|    40|   32|     1|         1280|
    |Autocorr_Buffer_M_i_U    |music_Autocorr_BuBew  |        2|   0|    0|    0|    40|   32|     1|         1280|
    |FFT_Buffer_re_U          |music_FFT_Buffer_re   |        2|   0|    0|    0|  1024|   32|     1|        32768|
    |FFT_Buffer_im_U          |music_FFT_Buffer_re   |        2|   0|    0|    0|  1024|   32|     1|        32768|
    |Q_temp_M_real_U          |music_Q_temp_M_real   |        0|  64|    8|    0|    16|   32|     1|          512|
    |Q_temp_M_imag_U          |music_Q_temp_M_real   |        0|  64|    8|    0|    16|   32|     1|          512|
    |R_temp_M_real_U          |music_Q_temp_M_real   |        0|  64|    8|    0|    16|   32|     1|          512|
    |R_temp_M_imag_U          |music_Q_temp_M_real   |        0|  64|    8|    0|    16|   32|     1|          512|
    |Rx_temp_M_real_U         |music_Q_temp_M_real   |        0|  64|    8|    0|    16|   32|     1|          512|
    |Rx_temp_M_imag_U         |music_Q_temp_M_real   |        0|  64|    8|    0|    16|   32|     1|          512|
    |eig_mat_M_real_U         |music_Q_temp_M_real   |        0|  64|    8|    0|    16|   32|     1|          512|
    |eig_mat_M_imag_U         |music_Q_temp_M_real   |        0|  64|    8|    0|    16|   32|     1|          512|
    |U_M_real_U               |music_Q_temp_M_real   |        0|  64|    8|    0|    16|   32|     1|          512|
    |U_M_imag_U               |music_Q_temp_M_real   |        0|  64|    8|    0|    16|   32|     1|          512|
    |temp_mat_M_real_U        |music_Q_temp_M_real   |        0|  64|    8|    0|    16|   32|     1|          512|
    |temp_mat_M_imag_U        |music_Q_temp_M_real   |        0|  64|    8|    0|    16|   32|     1|          512|
    |Un_M_real_U              |music_Un_M_real       |        0|  64|    4|    0|     8|   32|     1|          256|
    |Un_M_imag_U              |music_Un_M_real       |        0|  64|    4|    0|     8|   32|     1|          256|
    |eigval_U                 |music_eigval          |        0|  64|    2|    0|     4|   32|     1|          128|
    |fc_U                     |music_fc              |        2|   0|    0|    0|  1024|   32|     1|        32768|
    |fourth_order_double_4_U  |music_fourth_ordesc4  |        0|  59|  236|    0|   256|   59|     1|        15104|
    |fourth_order_double_5_U  |music_fourth_ordetde  |        0|  52|  208|    0|   256|   52|     1|        13312|
    |fourth_order_double_6_U  |music_fourth_ordeudo  |        0|  44|  176|    0|   256|   44|     1|        11264|
    |fourth_order_double_7_U  |music_fourth_ordevdy  |        0|  33|  132|    0|   256|   33|     1|         8448|
    |fourth_order_double_s_U  |music_fourth_ordewdI  |        0|  25|  100|    0|   256|   25|     1|         6400|
    |p_U                      |music_p               |        0|  32|    2|    0|     4|   32|     1|          128|
    |ref_4oPi_table_256_V_U   |music_ref_4oPi_tarcU  |        8|   0|    0|    0|    10|  256|     1|         2560|
    |sort_index_U             |music_sort_index      |        1|   0|    0|    0|     4|    3|     1|           12|
    |theta_U                  |music_theta           |        1|   0|    0|    0|   361|   32|     1|        11552|
    |w_M_real_U               |music_w_M_real        |        1|   0|    0|    0|   361|   32|     1|        11552|
    |w_M_imag_U               |music_w_M_real        |        1|   0|    0|    0|   361|   32|     1|        11552|
    +-------------------------+----------------------+---------+----+-----+-----+------+-----+------+-------------+
    |Total                    |                      |       38|1205|  960|    0| 11521| 1368|    35|       384364|
    +-------------------------+----------------------+---------+----+-----+-----+------+-----+------+-------------+

    * FIFO: 
    N/A

    * Expression: 
    +--------------------------------------+----------+-------+----+-----+------------+------------+
    |             Variable Name            | Operation| DSP48E| FF | LUT | Bitwidth P0| Bitwidth P1|
    +--------------------------------------+----------+-------+----+-----+------------+------------+
    |r_V_37_fu_5361_p2                     |     *    |      9|   0|   21|          49|          49|
    |r_V_38_fu_5401_p2                     |     *    |      9|   0|   21|          49|          49|
    |r_V_39_fu_5416_p2                     |     *    |      9|   0|   21|          49|          49|
    |r_V_40_fu_5461_p2                     |     *    |      9|   0|   35|          56|          52|
    |r_V_41_fu_5484_p2                     |     *    |      9|   0|   21|          49|          44|
    |r_V_42_fu_5507_p2                     |     *    |      4|   0|   26|          42|          33|
    |r_V_43_fu_5534_p2                     |     *    |      2|   0|   24|          35|          25|
    |r_V_44_fu_5621_p2                     |     *    |     16|   0|   47|          64|          63|
    |add_ln1027_fu_3351_p2                 |     +    |      0|   0|   13|          11|          11|
    |add_ln102_1_fu_3929_p2                |     +    |      0|   0|   15|           7|           7|
    |add_ln102_fu_3918_p2                  |     +    |      0|   0|   15|           7|           7|
    |add_ln1044_fu_4300_p2                 |     +    |      0|   0|   15|           6|           6|
    |add_ln104_fu_3883_p2                  |     +    |      0|   0|   15|           6|           6|
    |add_ln1146_1_fu_5554_p2               |     +    |      0|   0|   45|          38|          38|
    |add_ln1146_2_fu_5586_p2               |     +    |      0|   0|   56|          49|          49|
    |add_ln1146_fu_5577_p2                 |     +    |      0|   0|   64|          64|          64|
    |add_ln114_1_fu_5065_p2                |     +    |      0|   0|   13|          11|          11|
    |add_ln114_fu_5162_p2                  |     +    |      0|   0|   13|          11|          11|
    |add_ln11_1_fu_3962_p2                 |     +    |      0|   0|   10|           2|           1|
    |add_ln11_fu_3956_p2                   |     +    |      0|   0|   10|           2|           1|
    |add_ln12_1_fu_4000_p2                 |     +    |      0|   0|   10|           2|           1|
    |add_ln12_fu_3994_p2                   |     +    |      0|   0|   10|           2|           1|
    |add_ln13_1_fu_4038_p2                 |     +    |      0|   0|   10|           2|           1|
    |add_ln13_fu_4032_p2                   |     +    |      0|   0|   10|           2|           1|
    |add_ln14_1_fu_4076_p2                 |     +    |      0|   0|   10|           2|           1|
    |add_ln14_fu_4070_p2                   |     +    |      0|   0|   10|           2|           1|
    |add_ln200_1_fu_3133_p2                |     +    |      0|   0|   10|           2|           1|
    |add_ln200_fu_3127_p2                  |     +    |      0|   0|   13|           4|           1|
    |add_ln201_1_fu_3171_p2                |     +    |      0|   0|   10|           2|           1|
    |add_ln201_fu_3165_p2                  |     +    |      0|   0|   10|           2|           1|
    |add_ln202_fu_3203_p2                  |     +    |      0|   0|   10|           2|           1|
    |add_ln203_1_fu_3241_p2                |     +    |      0|   0|   10|           2|           1|
    |add_ln203_fu_3235_p2                  |     +    |      0|   0|   10|           2|           1|
    |add_ln204_1_fu_3279_p2                |     +    |      0|   0|   10|           2|           1|
    |add_ln204_fu_3273_p2                  |     +    |      0|   0|   15|           9|           1|
    |add_ln205_fu_3311_p2                  |     +    |      0|   0|   15|           9|           1|
    |add_ln206_1_fu_3341_p2                |     +    |      0|   0|   15|           9|           1|
    |add_ln206_2_fu_3329_p2                |     +    |      0|   0|   13|          11|           9|
    |add_ln206_fu_3335_p2                  |     +    |      0|   0|   10|           2|           1|
    |add_ln214_1_fu_3448_p2                |     +    |      0|   0|   24|          17|          17|
    |add_ln214_fu_3431_p2                  |     +    |      0|   0|   19|          14|          14|
    |add_ln219_1_fu_3683_p2                |     +    |      0|   0|   64|          15|          15|
    |add_ln219_2_fu_3696_p2                |     +    |      0|   0|   24|          17|          17|
    |add_ln219_fu_3677_p2                  |     +    |      0|   0|   64|          15|          15|
    |add_ln22_fu_4148_p2                   |     +    |      0|   0|   15|           6|           6|
    |add_ln230_1_fu_3769_p2                |     +    |      0|   0|   21|          15|          15|
    |add_ln230_2_fu_3814_p2                |     +    |      0|   0|   24|          17|          17|
    |add_ln230_3_fu_3825_p2                |     +    |      0|   0|   15|           7|           7|
    |add_ln230_fu_3747_p2                  |     +    |      0|   0|   21|          15|          15|
    |add_ln239_fu_4961_p2                  |     +    |      0|   0|   15|           6|           6|
    |add_ln246_fu_4983_p2                  |     +    |      0|   0|   13|          11|           9|
    |add_ln250_fu_5027_p2                  |     +    |      0|   0|   13|          11|          11|
    |add_ln259_1_fu_5976_p2                |     +    |      0|   0|   15|           5|           5|
    |add_ln259_fu_5965_p2                  |     +    |      0|   0|   15|           5|           5|
    |add_ln261_fu_5938_p2                  |     +    |      0|   0|   15|           6|           6|
    |add_ln269_1_fu_6103_p2                |     +    |      0|   0|   13|          11|          11|
    |add_ln269_2_fu_6097_p2                |     +    |      0|   0|   13|          11|           9|
    |add_ln269_fu_6086_p2                  |     +    |      0|   0|   15|           6|           6|
    |add_ln271_fu_6051_p2                  |     +    |      0|   0|   12|          12|          12|
    |add_ln278_1_fu_6195_p2                |     +    |      0|   0|   13|          11|          11|
    |add_ln278_2_fu_6189_p2                |     +    |      0|   0|   13|          11|           9|
    |add_ln278_fu_6178_p2                  |     +    |      0|   0|   12|          12|          12|
    |add_ln34_1_fu_4261_p2                 |     +    |      0|   0|   15|           6|           6|
    |add_ln34_fu_4250_p2                   |     +    |      0|   0|   15|           6|           6|
    |add_ln36_fu_4211_p2                   |     +    |      0|   0|   15|           6|           6|
    |add_ln45_fu_4360_p2                   |     +    |      0|   0|   15|           6|           6|
    |add_ln47_fu_4396_p2                   |     +    |      0|   0|   15|           6|           6|
    |add_ln54_fu_4459_p2                   |     +    |      0|   0|   15|           6|           6|
    |add_ln59_1_fu_4528_p2                 |     +    |      0|   0|   15|           6|           6|
    |add_ln59_fu_4523_p2                   |     +    |      0|   0|   15|           6|           6|
    |add_ln68_1_fu_4640_p2                 |     +    |      0|   0|   15|           6|           6|
    |add_ln68_fu_4617_p2                   |     +    |      0|   0|   15|           6|           6|
    |add_ln70_fu_4578_p2                   |     +    |      0|   0|   15|           6|           6|
    |add_ln72_fu_4590_p2                   |     +    |      0|   0|   15|           6|           6|
    |add_ln76_fu_4713_p2                   |     +    |      0|   0|   15|           6|           6|
    |count_fu_4278_p2                      |     +    |      0|   0|   12|           3|           1|
    |i_10_fu_4177_p2                       |     +    |      0|   0|   12|           3|           1|
    |i_11_fu_4338_p2                       |     +    |      0|   0|   12|           3|           1|
    |i_12_fu_4730_p2                       |     +    |      0|   0|   12|           3|           1|
    |i_13_fu_4417_p2                       |     +    |      0|   0|   10|           2|           1|
    |i_14_fu_4751_p2                       |     +    |      0|   0|   10|           2|           1|
    |i_15_fu_4695_p2                       |     +    |      0|   0|   12|           3|           1|
    |i_16_fu_5880_p2                       |     +    |      0|   0|   12|           3|           1|
    |i_17_fu_6009_p2                       |     +    |      0|   0|   15|           9|           1|
    |i_18_fu_6136_p2                       |     +    |      0|   0|   15|           9|           1|
    |i_4_fu_3490_p2                        |     +    |      0|   0|   13|           4|           1|
    |i_6_fu_3478_p2                        |     +    |      0|   0|   13|           1|          11|
    |i_7_fu_3630_p2                        |     +    |      0|   0|   39|          32|          32|
    |i_8_fu_4114_p2                        |     +    |      0|   0|   12|           3|           1|
    |i_9_fu_4165_p2                        |     +    |      0|   0|   13|           4|           1|
    |i_fu_6212_p2                          |     +    |      0|   0|   15|           9|           1|
    |i_lower_fu_3613_p2                    |     +    |      0|   0|   39|          32|          32|
    |j_10_fu_4601_p2                       |     +    |      0|   0|   39|          32|           1|
    |j_11_fu_4476_p2                       |     +    |      0|   0|   39|          32|           1|
    |j_12_fu_5916_p2                       |     +    |      0|   0|   12|           3|           1|
    |j_13_fu_6037_p2                       |     +    |      0|   0|   12|           3|           1|
    |j_15_fu_4757_p2                       |     +    |      0|   0|   39|          32|           1|
    |j_1_fu_3641_p2                        |     +    |      0|   0|   13|          11|           1|
    |j_2_fu_3585_p2                        |     +    |      0|   0|   14|          10|           1|
    |j_3_fu_4138_p2                        |     +    |      0|   0|   12|           3|           1|
    |j_5_fu_4201_p2                        |     +    |      0|   0|   12|           3|           1|
    |j_8_fu_4470_p2                        |     +    |      0|   0|   39|           1|          32|
    |j_9_fu_4380_p2                        |     +    |      0|   0|   12|           3|           1|
    |j_fu_3425_p2                          |     +    |      0|   0|   13|          11|           1|
    |jj_fu_3712_p2                         |     +    |      0|   0|   13|          11|           1|
    |k_2_fu_5955_p2                        |     +    |      0|   0|   10|           2|           1|
    |k_3_fu_6168_p2                        |     +    |      0|   0|   12|           3|           1|
    |k_4_fu_6068_p2                        |     +    |      0|   0|   12|           3|           1|
    |k_fu_4228_p2                          |     +    |      0|   0|   12|           3|           1|
    |l_1_fu_3759_p2                        |     +    |      0|   0|   13|           4|           1|
    |l_2_fu_3900_p2                        |     +    |      0|   0|   13|           4|           1|
    |l_fu_3381_p2                          |     +    |      0|   0|   13|           4|           1|
    |m_fu_4651_p2                          |     +    |      0|   0|   12|           3|           2|
    |n_1_fu_3405_p2                        |     +    |      0|   0|   12|           3|           1|
    |n_fu_3800_p2                          |     +    |      0|   0|   12|           3|           1|
    |q_1_fu_4539_p2                        |     +    |      0|   0|   39|           1|          32|
    |ret_V_fu_5596_p2                      |     +    |      0|   0|   64|          64|          64|
    |stage_fu_3591_p2                      |     +    |      0|   0|   13|           4|           1|
    |x_1_fu_4892_p2                        |     +    |      0|   0|   12|           3|           1|
    |x_2_fu_4995_p2                        |     +    |      0|   0|   12|           3|           1|
    |x_fu_3841_p2                          |     +    |      0|   0|   12|           3|           1|
    |y_1_fu_5012_p2                        |     +    |      0|   0|   15|           9|           1|
    |y_2_fu_4946_p2                        |     +    |      0|   0|   12|           3|           1|
    |y_fu_3869_p2                          |     +    |      0|   0|   12|           3|           1|
    |Ex_V_fu_5268_p2                       |     -    |      0|   0|   13|          11|          11|
    |Mx_bits_V_2_fu_5184_p2                |     -    |      0|   0|  131|           1|         124|
    |ret_V_19_fu_5642_p2                   |     -    |      0|   0|   12|           1|          12|
    |sub_ln1311_fu_5295_p2                 |     -    |      0|   0|   12|           1|          12|
    |and_ln300_2_fu_5792_p2                |    and   |      0|   0|    2|           1|           1|
    |and_ln300_fu_5763_p2                  |    and   |      0|   0|    2|           1|           1|
    |and_ln87_1_fu_4873_p2                 |    and   |      0|   0|    2|           1|           1|
    |and_ln87_fu_4867_p2                   |    and   |      0|   0|    2|           1|           1|
    |tmp_i_i_i1_fu_5232_p3                 |   cttz   |      0|  73|   71|          64|           0|
    |closepath_fu_5059_p2                  |   icmp   |      0|   0|   13|          11|          10|
    |icmp_ln101_fu_3894_p2                 |   icmp   |      0|   0|    9|           4|           4|
    |icmp_ln110_fu_3484_p2                 |   icmp   |      0|   0|    9|           4|           4|
    |icmp_ln11_1_fu_3988_p2                |   icmp   |      0|   0|    8|           2|           2|
    |icmp_ln11_fu_3982_p2                  |   icmp   |      0|   0|    8|           2|           2|
    |icmp_ln122_fu_3472_p2                 |   icmp   |      0|   0|   13|          11|          12|
    |icmp_ln124_fu_3526_p2                 |   icmp   |      0|   0|   18|          32|          32|
    |icmp_ln12_1_fu_4026_p2                |   icmp   |      0|   0|    8|           2|           2|
    |icmp_ln12_fu_4020_p2                  |   icmp   |      0|   0|    8|           2|           2|
    |icmp_ln13_1_fu_4064_p2                |   icmp   |      0|   0|    8|           2|           2|
    |icmp_ln13_fu_4058_p2                  |   icmp   |      0|   0|    8|           2|           2|
    |icmp_ln14_1_fu_4102_p2                |   icmp   |      0|   0|    8|           2|           2|
    |icmp_ln14_fu_4096_p2                  |   icmp   |      0|   0|    8|           2|           2|
    |icmp_ln159_fu_3547_p2                 |   icmp   |      0|   0|    9|           4|           4|
    |icmp_ln169_fu_3580_p2                 |   icmp   |      0|   0|   13|          10|          10|
    |icmp_ln177_fu_3607_p2                 |   icmp   |      0|   0|   18|          22|           1|
    |icmp_ln200_1_fu_3159_p2               |   icmp   |      0|   0|    9|           4|           4|
    |icmp_ln200_fu_3153_p2                 |   icmp   |      0|   0|    8|           2|           2|
    |icmp_ln201_1_fu_3197_p2               |   icmp   |      0|   0|    8|           2|           2|
    |icmp_ln201_fu_3191_p2                 |   icmp   |      0|   0|    8|           2|           2|
    |icmp_ln202_fu_3229_p2                 |   icmp   |      0|   0|    8|           2|           2|
    |icmp_ln203_1_fu_3267_p2               |   icmp   |      0|   0|    8|           2|           2|
    |icmp_ln203_fu_3261_p2                 |   icmp   |      0|   0|    8|           2|           2|
    |icmp_ln204_1_fu_3305_p2               |   icmp   |      0|   0|   13|           9|           9|
    |icmp_ln204_fu_3299_p2                 |   icmp   |      0|   0|    8|           2|           2|
    |icmp_ln205_fu_3323_p2                 |   icmp   |      0|   0|   13|           9|           9|
    |icmp_ln206_1_fu_3369_p2               |   icmp   |      0|   0|    8|           2|           2|
    |icmp_ln206_fu_3363_p2                 |   icmp   |      0|   0|   13|           9|           9|
    |icmp_ln20_fu_4108_p2                  |   icmp   |      0|   0|    9|           3|           4|
    |icmp_ln211_fu_3375_p2                 |   icmp   |      0|   0|    9|           4|           4|
    |icmp_ln212_fu_3399_p2                 |   icmp   |      0|   0|    9|           3|           4|
    |icmp_ln213_fu_3419_p2                 |   icmp   |      0|   0|   13|          11|          12|
    |icmp_ln218_fu_3635_p2                 |   icmp   |      0|   0|   13|          11|          12|
    |icmp_ln21_fu_4132_p2                  |   icmp   |      0|   0|    9|           3|           4|
    |icmp_ln225_fu_3706_p2                 |   icmp   |      0|   0|   13|          11|          12|
    |icmp_ln227_fu_3753_p2                 |   icmp   |      0|   0|    9|           4|           4|
    |icmp_ln228_fu_3794_p2                 |   icmp   |      0|   0|    9|           3|           4|
    |icmp_ln236_fu_4886_p2                 |   icmp   |      0|   0|    9|           3|           4|
    |icmp_ln237_fu_4940_p2                 |   icmp   |      0|   0|    9|           3|           4|
    |icmp_ln238_fu_4971_p2                 |   icmp   |      0|   0|    9|           3|           1|
    |icmp_ln240_fu_4977_p2                 |   icmp   |      0|   0|    9|           3|           1|
    |icmp_ln246_fu_4989_p2                 |   icmp   |      0|   0|    9|           3|           4|
    |icmp_ln248_fu_5006_p2                 |   icmp   |      0|   0|   13|           9|           9|
    |icmp_ln254_fu_5874_p2                 |   icmp   |      0|   0|    9|           3|           4|
    |icmp_ln255_fu_5910_p2                 |   icmp   |      0|   0|    9|           3|           4|
    |icmp_ln258_fu_5949_p2                 |   icmp   |      0|   0|    9|           2|           3|
    |icmp_ln264_fu_6003_p2                 |   icmp   |      0|   0|   13|           9|           9|
    |icmp_ln265_fu_6031_p2                 |   icmp   |      0|   0|    9|           3|           4|
    |icmp_ln268_fu_6062_p2                 |   icmp   |      0|   0|    9|           3|           4|
    |icmp_ln274_fu_6130_p2                 |   icmp   |      0|   0|   13|           9|           9|
    |icmp_ln277_fu_6162_p2                 |   icmp   |      0|   0|    9|           3|           4|
    |icmp_ln27_fu_4159_p2                  |   icmp   |      0|   0|   11|           4|           5|
    |icmp_ln284_fu_6206_p2                 |   icmp   |      0|   0|   13|           9|           9|
    |icmp_ln29_fu_4171_p2                  |   icmp   |      0|   0|    9|           3|           4|
    |icmp_ln30_fu_4195_p2                  |   icmp   |      0|   0|    9|           3|           4|
    |icmp_ln33_fu_4222_p2                  |   icmp   |      0|   0|    9|           3|           4|
    |icmp_ln40_fu_4272_p2                  |   icmp   |      0|   0|    9|           3|           4|
    |icmp_ln42_fu_4332_p2                  |   icmp   |      0|   0|    9|           3|           4|
    |icmp_ln43_fu_4374_p2                  |   icmp   |      0|   0|    9|           3|           4|
    |icmp_ln44_fu_4386_p2                  |   icmp   |      0|   0|    9|           3|           3|
    |icmp_ln51_fu_4411_p2                  |   icmp   |      0|   0|    8|           2|           2|
    |icmp_ln53_fu_4449_p2                  |   icmp   |      0|   0|   18|          32|           3|
    |icmp_ln56_fu_4482_p2                  |   icmp   |      0|   0|   18|          32|           2|
    |icmp_ln58_fu_4513_p2                  |   icmp   |      0|   0|   18|          32|           3|
    |icmp_ln67_fu_4607_p2                  |   icmp   |      0|   0|   18|          32|           2|
    |icmp_ln75_fu_4689_p2                  |   icmp   |      0|   0|    9|           3|           4|
    |icmp_ln81_fu_4724_p2                  |   icmp   |      0|   0|    9|           3|           4|
    |icmp_ln833_1_fu_5137_p2               |   icmp   |      0|   0|   29|          52|           1|
    |icmp_ln833_2_fu_5287_p2               |   icmp   |      0|   0|   13|          11|           2|
    |icmp_ln833_fu_5282_p2                 |   icmp   |      0|   0|   13|          11|           1|
    |icmp_ln84_fu_4745_p2                  |   icmp   |      0|   0|    8|           2|           2|
    |icmp_ln86_fu_4763_p2                  |   icmp   |      0|   0|   18|          32|           2|
    |icmp_ln87_1_fu_4841_p2                |   icmp   |      0|   0|   18|          23|           1|
    |icmp_ln87_2_fu_4847_p2                |   icmp   |      0|   0|   11|           8|           2|
    |icmp_ln87_3_fu_4853_p2                |   icmp   |      0|   0|   18|          23|           1|
    |icmp_ln87_fu_4835_p2                  |   icmp   |      0|   0|   11|           8|           2|
    |icmp_ln98_fu_3835_p2                  |   icmp   |      0|   0|    9|           3|           4|
    |icmp_ln99_fu_3863_p2                  |   icmp   |      0|   0|    9|           3|           4|
    |r_V_fu_5316_p2                        |   lshr   |      0|   0|  180|          63|          63|
    |ap_block_state297_on_subcall_done     |    or    |      0|   0|    2|           1|           1|
    |ap_sync_grp_qrf_top_fu_2711_ap_done   |    or    |      0|   0|    2|           1|           1|
    |ap_sync_grp_qrf_top_fu_2711_ap_ready  |    or    |      0|   0|    2|           1|           1|
    |or_ln241_fu_4924_p2                   |    or    |      0|   0|    4|           4|           1|
    |or_ln300_fu_5810_p2                   |    or    |      0|   0|    2|           1|           1|
    |or_ln311_fu_5772_p2                   |    or    |      0|   0|    2|           1|           1|
    |or_ln87_1_fu_4863_p2                  |    or    |      0|   0|    2|           1|           1|
    |or_ln87_fu_4859_p2                    |    or    |      0|   0|    2|           1|           1|
    |addr_V_fu_5071_p3                     |  select  |      0|   0|   11|           1|           7|
    |j_7_fu_4879_p3                        |  select  |      0|   0|   32|           1|          32|
    |p_Repl2_6_fu_5785_p3                  |  select  |      0|   0|    2|           1|           1|
    |p_Val2_49_fu_5189_p3                  |  select  |      0|   0|  124|           1|         124|
    |p_Val2_70_fu_5174_p3                  |  select  |      0|   0|    3|           1|           1|
    |r_V_36_fu_5326_p3                     |  select  |      0|   0|   63|           1|          63|
    |ret_V_20_fu_5815_p3                   |  select  |      0|   0|   11|           1|          11|
    |ret_V_21_fu_5831_p3                   |  select  |      0|   0|   52|           1|          52|
    |select_ln271_fu_5756_p3               |  select  |      0|   0|    2|           1|           1|
    |select_ln272_2_fu_5608_p3             |  select  |      0|   0|   63|           1|           2|
    |select_ln272_fu_5602_p3               |  select  |      0|   0|   11|           1|           1|
    |select_ln300_4_fu_5802_p3             |  select  |      0|   0|    2|           1|           2|
    |select_ln300_6_fu_5823_p3             |  select  |      0|   0|    2|           1|           2|
    |select_ln311_fu_5777_p3               |  select  |      0|   0|    2|           1|           1|
    |select_ln482_fu_5167_p3               |  select  |      0|   0|   11|           1|          11|
    |ush_fu_5301_p3                        |  select  |      0|   0|   12|           1|          12|
    |DFTpts_fu_3553_p2                     |    shl   |      0|   0|   25|           1|          11|
    |r_V_20_fu_5321_p2                     |    shl   |      0|   0|  180|          63|          63|
    |r_V_34_fu_5101_p2                     |    shl   |      0|   0|  950|         256|         256|
    |r_V_35_fu_5248_p2                     |    shl   |      0|   0|  411|         124|         124|
    |sin_basis_fu_5432_p2                  |    xor   |      0|   0|    2|           1|           2|
    |xor_ln1067_fu_4316_p2                 |    xor   |      0|   0|    4|           3|           4|
    |xor_ln202_fu_3209_p2                  |    xor   |      0|   0|    2|           1|           2|
    |xor_ln251_fu_5863_p2                  |    xor   |      0|   0|   33|          32|          33|
    |xor_ln300_fu_5796_p2                  |    xor   |      0|   0|    2|           2|           1|
    |xor_ln311_fu_5767_p2                  |    xor   |      0|   0|    2|           1|           2|
    |xor_ln444_1_fu_4677_p2                |    xor   |      0|   0|   33|          32|          33|
    |xor_ln444_fu_4661_p2                  |    xor   |      0|   0|   33|          32|          33|
    |xor_ln667_1_fu_5991_p2                |    xor   |      0|   0|   33|          32|          33|
    |xor_ln667_2_fu_6118_p2                |    xor   |      0|   0|   33|          32|          33|
    |xor_ln667_fu_3944_p2                  |    xor   |      0|   0|   33|          32|          33|
    +--------------------------------------+----------+-------+----+-----+------------+------------+
    |Total                                 |          |     67|  73| 5696|        2851|        2745|
    +--------------------------------------+----------+-------+----+-----+------------+------------+

    * Multiplexer: 
    +-------------------------------------+------+-----------+-----+-----------+
    |                 Name                |  LUT | Input Size| Bits| Total Bits|
    +-------------------------------------+------+-----------+-----+-----------+
    |AUU_M_imag_address0                  |    21|          4|   11|         44|
    |AUU_M_imag_d0                        |    15|          3|   32|         96|
    |AUU_M_real_address0                  |    21|          4|   11|         44|
    |AUU_M_real_d0                        |    15|          3|   32|         96|
    |Autocorr_Buffer_M_i_address0         |    21|          4|    6|         24|
    |Autocorr_Buffer_M_i_d0               |    15|          3|   32|         96|
    |Autocorr_Buffer_M_r_address0         |    21|          4|    6|         24|
    |Autocorr_Buffer_M_r_d0               |    15|          3|   32|         96|
    |FFT_Buffer_im_address0               |    33|          6|   10|         60|
    |FFT_Buffer_im_address1               |    33|          6|   10|         60|
    |FFT_Buffer_im_d0                     |    15|          3|   32|         96|
    |FFT_Buffer_im_d1                     |    15|          3|   32|         96|
    |FFT_Buffer_re_address0               |    33|          6|   10|         60|
    |FFT_Buffer_re_address1               |    33|          6|   10|         60|
    |FFT_Buffer_re_d0                     |    15|          3|   32|         96|
    |FFT_Buffer_re_d1                     |    15|          3|   32|         96|
    |Q_temp_M_imag_address0               |    21|          4|    4|         16|
    |Q_temp_M_imag_ce0                    |    15|          3|    1|          3|
    |Q_temp_M_imag_d0                     |    15|          3|   32|         96|
    |Q_temp_M_imag_we0                    |    15|          3|    1|          3|
    |Q_temp_M_real_address0               |    21|          4|    4|         16|
    |Q_temp_M_real_ce0                    |    15|          3|    1|          3|
    |Q_temp_M_real_d0                     |    15|          3|   32|         96|
    |Q_temp_M_real_we0                    |    15|          3|    1|          3|
    |R_temp_M_imag_address0               |    21|          4|    4|         16|
    |R_temp_M_imag_ce0                    |    15|          3|    1|          3|
    |R_temp_M_imag_d0                     |    15|          3|   32|         96|
    |R_temp_M_imag_we0                    |    15|          3|    1|          3|
    |R_temp_M_real_address0               |    21|          4|    4|         16|
    |R_temp_M_real_ce0                    |    15|          3|    1|          3|
    |R_temp_M_real_d0                     |    15|          3|   32|         96|
    |R_temp_M_real_we0                    |    15|          3|    1|          3|
    |Rx_temp_M_imag_address0              |    56|         13|    4|         52|
    |Rx_temp_M_imag_d0                    |    33|          6|   32|        192|
    |Rx_temp_M_real_address0              |    56|         13|    4|         52|
    |Rx_temp_M_real_d0                    |    33|          6|   32|        192|
    |U_M_imag_address0                    |    44|          9|    4|         36|
    |U_M_imag_d0                          |    15|          3|   32|         96|
    |U_M_real_address0                    |    44|          9|    4|         36|
    |U_M_real_d0                          |    21|          4|   32|        128|
    |Un_M_imag_address0                   |    27|          5|    3|         15|
    |Un_M_imag_d0                         |    15|          3|   32|         96|
    |Un_M_real_address0                   |    27|          5|    3|         15|
    |Un_M_real_d0                         |    15|          3|   32|         96|
    |Xj_f_M_imag_address0                 |    15|          3|   16|         48|
    |Xj_f_M_real_address0                 |    15|          3|   16|         48|
    |a_theta_M_imag_address0              |    27|          5|   11|         55|
    |a_theta_M_imag_d0                    |    15|          3|   32|         96|
    |a_theta_M_real_address0              |    27|          5|   11|         55|
    |a_theta_M_real_d0                    |    15|          3|   32|         96|
    |ap_NS_fsm                            |  1549|        351|    1|        351|
    |complex_M_imag_read_1_reg_2371       |     9|          2|   32|         64|
    |complex_M_imag_read_2_reg_2536       |     9|          2|   32|         64|
    |complex_M_imag_read_3_reg_2595       |     9|          2|   32|         64|
    |complex_M_imag_read_4_reg_2654       |     9|          2|   32|         64|
    |complex_M_imag_read_reg_2236         |     9|          2|   32|         64|
    |complex_M_real_read_1_reg_2383       |     9|          2|   32|         64|
    |complex_M_real_read_2_reg_2549       |     9|          2|   32|         64|
    |complex_M_real_read_3_reg_2608       |     9|          2|   32|         64|
    |complex_M_real_read_4_reg_2666       |     9|          2|   32|         64|
    |complex_M_real_read_reg_2249         |     9|          2|   32|         64|
    |count_0_i_reg_2273                   |     9|          2|    3|          6|
    |eig_mat_M_imag_address0              |    27|          5|    4|         20|
    |eig_mat_M_imag_ce0                   |    15|          3|    1|          3|
    |eig_mat_M_imag_d0                    |    21|          4|   32|        128|
    |eig_mat_M_real_address0              |    33|          6|    4|         24|
    |eig_mat_M_real_ce0                   |    15|          3|    1|          3|
    |eig_mat_M_real_d0                    |    21|          4|   32|        128|
    |eigval_address0                      |    15|          3|    2|          6|
    |flag_0_i_reg_2439                    |     9|          2|   32|         64|
    |flag_reg_2427                        |     9|          2|    2|          4|
    |grp_fu_2760_opcode                   |    15|          3|    2|          6|
    |grp_fu_2760_p0                       |    59|         14|   32|        448|
    |grp_fu_2760_p1                       |    41|          8|   32|        256|
    |grp_fu_2765_opcode                   |    15|          3|    2|          6|
    |grp_fu_2765_p0                       |    50|         11|   32|        352|
    |grp_fu_2765_p1                       |    21|          4|   32|        128|
    |grp_fu_2802_p0                       |    65|         16|   32|        512|
    |grp_fu_2802_p1                       |    62|         15|   32|        480|
    |grp_fu_2807_p0                       |    56|         13|   32|        416|
    |grp_fu_2807_p1                       |    53|         12|   32|        384|
    |grp_fu_2812_p0                       |    53|         12|   32|        384|
    |grp_fu_2812_p1                       |    53|         12|   32|        384|
    |grp_fu_2817_p0                       |    53|         12|   32|        384|
    |grp_fu_2817_p1                       |    50|         11|   32|        352|
    |grp_fu_2893_p0                       |    21|          4|   32|        128|
    |grp_fu_2893_p1                       |    27|          5|   32|        160|
    |grp_fu_2898_p0                       |    15|          3|   32|         96|
    |grp_fu_2898_p1                       |    21|          4|   32|        128|
    |grp_fu_2904_p0                       |    15|          3|   64|        192|
    |grp_fu_2907_p0                       |    15|          3|   32|         96|
    |grp_fu_2924_p1                       |    15|          3|   64|        192|
    |grp_fu_2930_p0                       |    15|          3|   64|        192|
    |grp_fu_2930_p1                       |    15|          3|   64|        192|
    |grp_sin_or_cos_float_s_fu_2721_t_in  |    15|          3|   32|         96|
    |grp_sin_or_cos_float_s_fu_2737_t_in  |    15|          3|   32|         96|
    |i16_0_i_reg_2203                     |     9|          2|    4|          8|
    |i17_0_i_reg_2214                     |     9|          2|    3|          6|
    |i19_0_i_reg_2285                     |     9|          2|    3|          6|
    |i25_0_i_reg_2404                     |     9|          2|    3|          6|
    |i31_0_reg_2573                       |     9|          2|    9|         18|
    |i34_0_reg_2643                       |     9|          2|    9|         18|
    |i36_0_reg_2700                       |     9|          2|    9|         18|
    |i_0_i25_reg_2181                     |     9|          2|    3|          6|
    |i_0_i31_reg_2415                     |     9|          2|    3|          6|
    |i_0_i_i_i_reg_1923                   |     9|          2|    4|          8|
    |i_0_i_reg_1978                       |     9|          2|   32|         64|
    |i_0_reg_2514                         |     9|          2|    3|          6|
    |i_5_reg_1955                         |     9|          2|   10|         20|
    |input_assign_reg_1900                |     9|          2|   11|         22|
    |j18_0_i_reg_2225                     |     9|          2|    3|          6|
    |j20_0_i_reg_2297                     |     9|          2|    3|          6|
    |j22_0_i_reg_2320                     |     9|          2|   32|         64|
    |j23_0_in_i_reg_2329                  |     9|          2|   32|         64|
    |j24_0_in_i_reg_2395                  |     9|          2|   32|         64|
    |j25_0_reg_1987                       |     9|          2|   11|         22|
    |j30_0_reg_2525                       |     9|          2|    3|          6|
    |j32_0_reg_2584                       |     9|          2|    3|          6|
    |j_0_i26_reg_2192                     |     9|          2|    3|          6|
    |j_0_in_i_reg_2449                    |     9|          2|   32|         64|
    |j_0_reg_1888                         |     9|          2|   11|         22|
    |j_14_reg_2308                        |     9|          2|    2|          4|
    |jj_0_reg_1998                        |     9|          2|   11|         22|
    |k33_0_reg_2621                       |     9|          2|    3|          6|
    |k35_0_reg_2678                       |     9|          2|    3|          6|
    |k_0_i_reg_2262                       |     9|          2|    3|          6|
    |k_0_reg_2562                         |     9|          2|    2|          4|
    |l26_0_reg_2010                       |     9|          2|    4|          8|
    |l_0_i_reg_2078                       |     9|          2|    4|          8|
    |l_0_reg_1866                         |     9|          2|    4|          8|
    |m_0_i_reg_2359                       |     9|          2|    3|          6|
    |n27_0_reg_2021                       |     9|          2|    3|          6|
    |n_0_reg_1877                         |     9|          2|    3|          6|
    |p_0_i_i_i_reg_1934                   |     9|          2|   10|         20|
    |p_r_M_imag_reg_2054                  |     9|          2|   32|         64|
    |p_r_M_real_reg_2066                  |     9|          2|   32|         64|
    |p_x_assign_5_reg_1966                |     9|          2|   32|         64|
    |p_x_assign_reg_2347                  |     9|          2|   32|         64|
    |phi_ln11_1_reg_2101                  |     9|          2|    2|          4|
    |phi_ln11_reg_2089                    |     9|          2|    2|          4|
    |phi_ln12_1_reg_2124                  |     9|          2|    2|          4|
    |phi_ln12_reg_2112                    |     9|          2|    2|          4|
    |phi_ln13_1_reg_2147                  |     9|          2|    2|          4|
    |phi_ln13_reg_2135                    |     9|          2|    2|          4|
    |phi_ln14_1_reg_2170                  |     9|          2|    2|          4|
    |phi_ln14_reg_2158                    |     9|          2|    2|          4|
    |phi_ln200_1_reg_1717                 |     9|          2|    2|          4|
    |phi_ln200_reg_1705                   |     9|          2|    4|          8|
    |phi_ln201_1_reg_1740                 |     9|          2|    2|          4|
    |phi_ln201_reg_1728                   |     9|          2|    2|          4|
    |phi_ln202_1_reg_1763                 |     9|          2|    1|          2|
    |phi_ln202_reg_1751                   |     9|          2|    2|          4|
    |phi_ln203_1_reg_1786                 |     9|          2|    2|          4|
    |phi_ln203_reg_1774                   |     9|          2|    2|          4|
    |phi_ln204_1_reg_1809                 |     9|          2|    2|          4|
    |phi_ln204_reg_1797                   |     9|          2|    9|         18|
    |phi_ln205_reg_1820                   |     9|          2|    9|         18|
    |phi_ln206_1_reg_1855                 |     9|          2|    9|         18|
    |phi_ln206_reg_1831                   |     9|          2|    2|          4|
    |phi_mul5_reg_2491                    |     9|          2|   11|         22|
    |phi_mul7_reg_2632                    |     9|          2|   11|         22|
    |phi_mul9_reg_2689                    |     9|          2|   11|         22|
    |phi_mul_reg_1843                     |     9|          2|   11|         22|
    |q_0_i_reg_2338                       |     9|          2|   32|         64|
    |reversed_reg_1912                    |     9|          2|   32|         64|
    |sort_index_address0                  |    27|          5|    2|         10|
    |sort_index_address1                  |    27|          5|    2|         10|
    |sort_index_d0                        |    15|          3|    3|          9|
    |stage_0_i_reg_1943                   |     9|          2|    4|          8|
    |temp_mat_M_imag_address0             |    41|          8|    4|         32|
    |temp_mat_M_imag_d0                   |    21|          4|   32|        128|
    |temp_mat_M_real_address0             |    41|          8|    4|         32|
    |temp_mat_M_real_d0                   |    21|          4|   32|        128|
    |w_M_imag_address0                    |    21|          4|    9|         36|
    |w_M_imag_d0                          |    15|          3|   32|         96|
    |w_M_real_address0                    |    27|          5|    9|         45|
    |w_M_real_d0                          |    15|          3|   32|         96|
    |x28_0_reg_2480                       |     9|          2|    3|          6|
    |x_0_i_reg_2032                       |     9|          2|    3|          6|
    |x_0_reg_2458                         |     9|          2|    3|          6|
    |y29_0_reg_2503                       |     9|          2|    9|         18|
    |y_0_i_reg_2043                       |     9|          2|    3|          6|
    |y_0_reg_2469                         |     9|          2|    3|          6|
    +-------------------------------------+------+-----------+-----+-----------+
    |Total                                |  4703|       1009| 2931|      12387|
    +-------------------------------------+------+-----------+-----+-----------+

    * Register: 
    +---------------------------------------------+-----+----+-----+-----------+
    |                     Name                    |  FF | LUT| Bits| Const Bits|
    +---------------------------------------------+-----+----+-----+-----------+
    |AUU_M_imag_addr_2_reg_7853                   |   11|   0|   11|          0|
    |AUU_M_real_addr_2_reg_7848                   |   11|   0|   11|          0|
    |B_V_reg_7600                                 |   56|   0|   56|          0|
    |B_fourth_power_V_reg_7628                    |   35|   0|   35|          0|
    |B_squared_V_reg_7610                         |   49|   0|   49|          0|
    |B_third_power_V_reg_7623                     |   42|   0|   42|          0|
    |DFTpts_reg_6451                              |   11|   0|   11|          0|
    |Ex_V_reg_7570                                |   11|   0|   11|          0|
    |FFT_Buffer_im_addr_1_reg_6426                |   10|   0|   10|          0|
    |FFT_Buffer_im_addr_2_reg_6432                |   10|   0|   10|          0|
    |FFT_Buffer_im_addr_4_reg_6516                |   10|   0|   10|          0|
    |FFT_Buffer_im_addr_5_reg_6527                |   10|   0|   10|          0|
    |FFT_Buffer_re_addr_1_reg_6414                |   10|   0|   10|          0|
    |FFT_Buffer_re_addr_2_reg_6420                |   10|   0|   10|          0|
    |FFT_Buffer_re_addr_4_reg_6511                |   10|   0|   10|          0|
    |FFT_Buffer_re_addr_5_reg_6521                |   10|   0|   10|          0|
    |Mx_V_reg_7563                                |   63|   0|   63|          0|
    |Rx_temp_M_imag_addr_2_reg_6986               |    4|   0|    4|          0|
    |Rx_temp_M_imag_addr_4_reg_7068               |    4|   0|    4|          0|
    |Rx_temp_M_imag_addr_5_reg_7157               |    4|   0|    4|          0|
    |Rx_temp_M_imag_addr_8_reg_7134               |    4|   0|    4|          0|
    |Rx_temp_M_real_addr_2_reg_6981               |    4|   0|    4|          0|
    |Rx_temp_M_real_addr_4_reg_7063               |    4|   0|    4|          0|
    |Rx_temp_M_real_addr_5_reg_7152               |    4|   0|    4|          0|
    |Rx_temp_M_real_addr_8_reg_7129               |    4|   0|    4|          0|
    |U_M_imag_addr_2_reg_6958                     |    4|   0|    4|          0|
    |U_M_imag_addr_3_reg_7167                     |    4|   0|    4|          0|
    |U_M_imag_addr_5_reg_7267                     |    4|   0|    4|          0|
    |U_M_real_addr_2_reg_6953                     |    4|   0|    4|          0|
    |U_M_real_addr_3_reg_7162                     |    4|   0|    4|          0|
    |U_M_real_addr_5_reg_7262                     |    4|   0|    4|          0|
    |Un_M_imag_addr_1_reg_7398                    |    2|   0|    3|          1|
    |Un_M_imag_addr_2_reg_7403                    |    2|   0|    3|          1|
    |Un_M_real_addr_1_reg_7388                    |    2|   0|    3|          1|
    |Un_M_real_addr_2_reg_7393                    |    2|   0|    3|          1|
    |add_ln1146_1_reg_7673                        |   38|   0|   38|          0|
    |add_ln11_reg_6723                            |    2|   0|    2|          0|
    |add_ln12_reg_6739                            |    2|   0|    2|          0|
    |add_ln13_reg_6755                            |    2|   0|    2|          0|
    |add_ln14_reg_6771                            |    2|   0|    2|          0|
    |add_ln200_reg_6223                           |    4|   0|    4|          0|
    |add_ln201_reg_6239                           |    2|   0|    2|          0|
    |add_ln202_reg_6255                           |    2|   0|    2|          0|
    |add_ln203_reg_6268                           |    2|   0|    2|          0|
    |add_ln204_reg_6284                           |    9|   0|    9|          0|
    |add_ln206_2_reg_6308                         |   11|   0|   11|          0|
    |add_ln206_reg_6313                           |    2|   0|    2|          0|
    |add_ln219_2_reg_6546                         |   17|   0|   17|          0|
    |add_ln230_3_reg_6620                         |    7|   0|    7|          0|
    |add_ln230_reg_6579                           |   14|   0|   15|          1|
    |add_ln239_reg_7416                           |    6|   0|    6|          0|
    |add_ln246_reg_7444                           |   11|   0|   11|          0|
    |add_ln250_reg_7475                           |   11|   0|   11|          0|
    |add_ln269_2_reg_7876                         |   11|   0|   11|          0|
    |add_ln278_2_reg_7949                         |   11|   0|   11|          0|
    |add_ln59_reg_7109                            |    6|   0|    6|          0|
    |ap_CS_fsm                                    |  350|   0|  350|          0|
    |ap_sync_reg_grp_qrf_top_fu_2711_ap_done      |    1|   0|    1|          0|
    |ap_sync_reg_grp_qrf_top_fu_2711_ap_ready     |    1|   0|    1|          0|
    |c_reg_6496                                   |   32|   0|   32|          0|
    |closepath_reg_7509                           |    1|   0|    1|          0|
    |complex_M_imag_read_1_reg_2371               |   32|   0|   32|          0|
    |complex_M_imag_read_2_reg_2536               |   32|   0|   32|          0|
    |complex_M_imag_read_3_reg_2595               |   32|   0|   32|          0|
    |complex_M_imag_read_4_reg_2654               |   32|   0|   32|          0|
    |complex_M_imag_read_reg_2236                 |   32|   0|   32|          0|
    |complex_M_real_read_1_reg_2383               |   32|   0|   32|          0|
    |complex_M_real_read_2_reg_2549               |   32|   0|   32|          0|
    |complex_M_real_read_3_reg_2608               |   32|   0|   32|          0|
    |complex_M_real_read_4_reg_2666               |   32|   0|   32|          0|
    |complex_M_real_read_reg_2249                 |   32|   0|   32|          0|
    |cos_basis_reg_7616                           |    1|   0|    1|          0|
    |count_0_i_reg_2273                           |    3|   0|    3|          0|
    |count_reg_6936                               |    3|   0|    3|          0|
    |eig_mat_M_imag_addr_2_reg_6866               |    4|   0|    4|          0|
    |eig_mat_M_real_addr_3_reg_6861               |    4|   0|    4|          0|
    |eigval_temp_reg_6963                         |   32|   0|   32|          0|
    |flag_0_i_reg_2439                            |   32|   0|   32|          0|
    |flag_reg_2427                                |    2|   0|    2|          0|
    |grp_qrf_top_fu_2711_ap_start_reg             |    1|   0|    1|          0|
    |grp_scaled_fixed2ieee_fu_2754_ap_start_reg   |    1|   0|    1|          0|
    |grp_sin_or_cos_float_s_fu_2721_ap_start_reg  |    1|   0|    1|          0|
    |grp_sin_or_cos_float_s_fu_2737_ap_start_reg  |    1|   0|    1|          0|
    |i16_0_i_reg_2203                             |    4|   0|    4|          0|
    |i17_0_i_reg_2214                             |    3|   0|    3|          0|
    |i19_0_i_reg_2285                             |    3|   0|    3|          0|
    |i25_0_i_reg_2404                             |    3|   0|    3|          0|
    |i31_0_reg_2573                               |    9|   0|    9|          0|
    |i34_0_reg_2643                               |    9|   0|    9|          0|
    |i36_0_reg_2700                               |    9|   0|    9|          0|
    |i_0_i25_reg_2181                             |    3|   0|    3|          0|
    |i_0_i31_reg_2415                             |    3|   0|    3|          0|
    |i_0_i_i_i_reg_1923                           |    4|   0|    4|          0|
    |i_0_i_reg_1978                               |   32|   0|   32|          0|
    |i_0_reg_2514                                 |    3|   0|    3|          0|
    |i_10_reg_6837                                |    3|   0|    3|          0|
    |i_11_reg_6971                                |    3|   0|    3|          0|
    |i_13_reg_7039                                |    2|   0|    2|          0|
    |i_14_reg_7289                                |    2|   0|    2|          0|
    |i_15_reg_7257                                |    3|   0|    3|          0|
    |i_16_reg_7717                                |    3|   0|    3|          0|
    |i_17_reg_7820                                |    9|   0|    9|          0|
    |i_18_reg_7910                                |    9|   0|    9|          0|
    |i_5_cast_reg_6478                            |   10|   0|   32|         22|
    |i_5_reg_1955                                 |   10|   0|   10|          0|
    |i_6_reg_6387                                 |   11|   0|   11|          0|
    |i_7_reg_6533                                 |   32|   0|   32|          0|
    |i_8_reg_6790                                 |    3|   0|    3|          0|
    |i_9_reg_6829                                 |    4|   0|    4|          0|
    |i_reg_8010                                   |    9|   0|    9|          0|
    |icmp_ln124_reg_6410                          |    1|   0|    1|          0|
    |icmp_ln238_reg_7436                          |    1|   0|    1|          0|
    |icmp_ln240_reg_7440                          |    1|   0|    1|          0|
    |icmp_ln44_reg_7009                           |    1|   0|    1|          0|
    |icmp_ln833_1_reg_7540                        |    1|   0|    1|          0|
    |icmp_ln833_2_reg_7588                        |    1|   0|    1|          0|
    |icmp_ln833_reg_7582                          |    1|   0|    1|          0|
    |icmp_ln87_1_reg_7350                         |    1|   0|    1|          0|
    |icmp_ln87_2_reg_7355                         |    1|   0|    1|          0|
    |icmp_ln87_3_reg_7360                         |    1|   0|    1|          0|
    |icmp_ln87_reg_7345                           |    1|   0|    1|          0|
    |input_assign_reg_1900                        |   11|   0|   11|          0|
    |isNeg_reg_7576                               |    1|   0|    1|          0|
    |j18_0_i_reg_2225                             |    3|   0|    3|          0|
    |j20_0_i_reg_2297                             |    3|   0|    3|          0|
    |j22_0_i_reg_2320                             |   32|   0|   32|          0|
    |j23_0_in_i_reg_2329                          |   32|   0|   32|          0|
    |j24_0_in_i_reg_2395                          |   32|   0|   32|          0|
    |j25_0_reg_1987                               |   11|   0|   11|          0|
    |j30_0_reg_2525                               |    3|   0|    3|          0|
    |j32_0_reg_2584                               |    3|   0|    3|          0|
    |j_0_i26_reg_2192                             |    3|   0|    3|          0|
    |j_0_in_i_reg_2449                            |   32|   0|   32|          0|
    |j_0_reg_1888                                 |   11|   0|   11|          0|
    |j_10_reg_7172                                |   32|   0|   32|          0|
    |j_11_reg_7078                                |   32|   0|   32|          0|
    |j_12_reg_7735                                |    3|   0|    3|          0|
    |j_13_reg_7838                                |    3|   0|    3|          0|
    |j_14_reg_2308                                |    2|   0|    2|          0|
    |j_15_reg_7294                                |   32|   0|   32|          0|
    |j_1_reg_6541                                 |   11|   0|   11|          0|
    |j_2_reg_6486                                 |   10|   0|   10|          0|
    |j_3_reg_6803                                 |    3|   0|    3|          0|
    |j_5_reg_6851                                 |    3|   0|    3|          0|
    |j_8_reg_7073                                 |   32|   0|   32|          0|
    |j_9_reg_7004                                 |    3|   0|    3|          0|
    |j_reg_6364                                   |   11|   0|   11|          0|
    |jj_0_reg_1998                                |   11|   0|   11|          0|
    |jj_reg_6564                                  |   11|   0|   11|          0|
    |k33_0_reg_2621                               |    3|   0|    3|          0|
    |k35_0_reg_2678                               |    3|   0|    3|          0|
    |k_0_i_reg_2262                               |    3|   0|    3|          0|
    |k_0_reg_2562                                 |    2|   0|    2|          0|
    |k_2_reg_7758                                 |    2|   0|    2|          0|
    |k_3_reg_7934                                 |    3|   0|    3|          0|
    |k_4_reg_7861                                 |    3|   0|    3|          0|
    |k_reg_6874                                   |    3|   0|    3|          0|
    |l26_0_reg_2010                               |    4|   0|    4|          0|
    |l_0_i_reg_2078                               |    4|   0|    4|          0|
    |l_0_reg_1866                                 |    4|   0|    4|          0|
    |l_1_reg_6587                                 |    4|   0|    4|          0|
    |l_2_reg_6669                                 |    4|   0|    4|          0|
    |l_reg_6332                                   |    4|   0|    4|          0|
    |m_0_i_reg_2359                               |    3|   0|    3|          0|
    |m_reg_7200                                   |    3|   0|    3|          0|
    |midsum_reg_7247                              |   32|   0|   32|          0|
    |n27_0_reg_2021                               |    3|   0|    3|          0|
    |n_0_reg_1877                                 |    3|   0|    3|          0|
    |n_1_reg_6350                                 |    3|   0|    3|          0|
    |n_reg_6605                                   |    3|   0|    3|          0|
    |numBF_reg_6473                               |   10|   0|   32|         22|
    |p_0_i_i_i_reg_1934                           |   10|   0|   10|          0|
    |p_Result_i_i_reg_7595                        |    7|   0|    7|          0|
    |p_Val2_58_reg_7658                           |   59|   0|   59|          0|
    |p_Val2_69_reg_7546                           |  124|   0|  124|          0|
    |p_Val2_70_reg_7557                           |    3|   0|    3|          0|
    |p_r_M_imag_reg_2054                          |   32|   0|   32|          0|
    |p_r_M_real_reg_2066                          |   32|   0|   32|          0|
    |p_x_assign_5_reg_1966                        |   32|   0|   32|          0|
    |p_x_assign_6_reg_7708                        |   32|   0|   32|          0|
    |p_x_assign_reg_2347                          |   32|   0|   32|          0|
    |phi_ln11_1_reg_2101                          |    2|   0|    2|          0|
    |phi_ln11_reg_2089                            |    2|   0|    2|          0|
    |phi_ln12_1_reg_2124                          |    2|   0|    2|          0|
    |phi_ln12_reg_2112                            |    2|   0|    2|          0|
    |phi_ln13_1_reg_2147                          |    2|   0|    2|          0|
    |phi_ln13_reg_2135                            |    2|   0|    2|          0|
    |phi_ln14_1_reg_2170                          |    2|   0|    2|          0|
    |phi_ln14_reg_2158                            |    2|   0|    2|          0|
    |phi_ln200_1_reg_1717                         |    2|   0|    2|          0|
    |phi_ln200_reg_1705                           |    4|   0|    4|          0|
    |phi_ln201_1_reg_1740                         |    2|   0|    2|          0|
    |phi_ln201_reg_1728                           |    2|   0|    2|          0|
    |phi_ln202_1_reg_1763                         |    1|   0|    1|          0|
    |phi_ln202_reg_1751                           |    2|   0|    2|          0|
    |phi_ln203_1_reg_1786                         |    2|   0|    2|          0|
    |phi_ln203_reg_1774                           |    2|   0|    2|          0|
    |phi_ln204_1_reg_1809                         |    2|   0|    2|          0|
    |phi_ln204_reg_1797                           |    9|   0|    9|          0|
    |phi_ln205_reg_1820                           |    9|   0|    9|          0|
    |phi_ln206_1_reg_1855                         |    9|   0|    9|          0|
    |phi_ln206_reg_1831                           |    2|   0|    2|          0|
    |phi_mul5_reg_2491                            |   11|   0|   11|          0|
    |phi_mul7_reg_2632                            |   11|   0|   11|          0|
    |phi_mul9_reg_2689                            |   11|   0|   11|          0|
    |phi_mul_reg_1843                             |   11|   0|   11|          0|
    |q_0_i_reg_2338                               |   32|   0|   32|          0|
    |q_1_reg_7124                                 |   32|   0|   32|          0|
    |r_V_22_reg_7605                              |   49|   0|   98|         49|
    |reg_2939                                     |   64|   0|   64|          0|
    |reg_2944                                     |   32|   0|   32|          0|
    |reg_2950                                     |   32|   0|   32|          0|
    |reg_2976                                     |   32|   0|   32|          0|
    |reg_2982                                     |   32|   0|   32|          0|
    |reg_2987                                     |   32|   0|   32|          0|
    |reg_2992                                     |   32|   0|   32|          0|
    |reg_2997                                     |   32|   0|   32|          0|
    |reg_3003                                     |   32|   0|   32|          0|
    |reg_3011                                     |   64|   0|   64|          0|
    |reg_3016                                     |   64|   0|   64|          0|
    |reg_3021                                     |   32|   0|   32|          0|
    |reg_3031                                     |   32|   0|   32|          0|
    |reg_3047                                     |   32|   0|   32|          0|
    |reg_3054                                     |   32|   0|   32|          0|
    |reg_3064                                     |   32|   0|   32|          0|
    |reg_3092                                     |   32|   0|   32|          0|
    |reg_3121                                     |   32|   0|   32|          0|
    |result_V_reg_7683                            |   63|   0|   63|          0|
    |resultf_reg_7693                             |   64|   0|   64|          0|
    |results_sign_V_2_reg_7490                    |    1|   0|    1|          0|
    |ret_V_19_reg_7688                            |   12|   0|   12|          0|
    |ret_V_22_reg_7525                            |  170|   0|  170|          0|
    |ret_V_reg_7678                               |   64|   0|   64|          0|
    |reversed_reg_1912                            |   32|   0|   32|          0|
    |s_reg_6502                                   |   32|   0|   32|          0|
    |sext_ln57_cast_reg_7101                      |    4|   0|    6|          2|
    |sext_ln70_reg_7147                           |    4|   0|    6|          2|
    |shl_ln_reg_6337                              |    4|   0|   14|         10|
    |sinpitheta_reg_7703                          |   32|   0|   32|          0|
    |sort_index_addr_1_reg_7313                   |    2|   0|    2|          0|
    |sort_index_addr_2_reg_7319                   |    2|   0|    2|          0|
    |sort_index_load_reg_7370                     |    3|   0|    3|          0|
    |stage_0_i_reg_1943                           |    4|   0|    4|          0|
    |temp_1_reg_6443                              |   32|   0|   32|          0|
    |temp_mat_M_imag_add_1_reg_6661               |    4|   0|    4|          0|
    |temp_mat_M_imag_add_5_reg_7750               |    4|   0|    4|          0|
    |temp_mat_M_real_add_1_reg_6656               |    4|   0|    4|          0|
    |temp_mat_M_real_add_5_reg_7745               |    4|   0|    4|          0|
    |temp_reg_6438                                |   32|   0|   32|          0|
    |tmp_36_cast_reg_6592                         |   15|   0|   17|          2|
    |tmp_7_i_i1_reg_7227                          |   32|   0|   32|          0|
    |tmp_7_reg_6468                               |   64|   0|   64|          0|
    |tmp_8_i_i_reg_7232                           |   32|   0|   32|          0|
    |tmp_9_i_i_reg_7237                           |   32|   0|   32|          0|
    |tmp_V_4_reg_7503                             |   52|   0|   52|          0|
    |tmp_V_reg_7496                               |   11|   0|   11|          0|
    |trunc_ln57_reg_7086                          |    4|   0|    4|          0|
    |trunc_ln601_reg_7520                         |    7|   0|    7|          0|
    |trunc_ln662_1_reg_7668                       |   48|   0|   48|          0|
    |trunc_ln6_reg_6456                           |   10|   0|   10|          0|
    |trunc_ln9_reg_7663                           |   56|   0|   56|          0|
    |trunc_ln_i_i_reg_7552                        |    3|   0|    3|          0|
    |w_M_imag_addr_1_reg_7969                     |    9|   0|    9|          0|
    |w_M_real_addr_2_reg_7964                     |    9|   0|    9|          0|
    |x28_0_reg_2480                               |    3|   0|    3|          0|
    |x_0_i_reg_2032                               |    3|   0|    3|          0|
    |x_0_reg_2458                                 |    3|   0|    3|          0|
    |x_1_reg_7378                                 |    3|   0|    3|          0|
    |x_2_reg_7452                                 |    3|   0|    3|          0|
    |x_reg_6628                                   |    3|   0|    3|          0|
    |y29_0_reg_2503                               |    9|   0|    9|          0|
    |y_0_i_reg_2043                               |    3|   0|    3|          0|
    |y_0_reg_2469                                 |    3|   0|    3|          0|
    |y_1_reg_7470                                 |    9|   0|    9|          0|
    |y_2_reg_7411                                 |    3|   0|    3|          0|
    |y_reg_6646                                   |    3|   0|    3|          0|
    |zext_ln1044_reg_6941                         |    3|   0|    6|          3|
    |zext_ln104_1_reg_6651                        |    3|   0|    7|          4|
    |zext_ln104_reg_6633                          |    3|   0|    7|          4|
    |zext_ln108_reg_6379                          |   11|   0|   32|         21|
    |zext_ln161_reg_6462                          |   11|   0|   32|         21|
    |zext_ln212_reg_6342                          |    4|   0|   15|         11|
    |zext_ln213_1_reg_6355                        |    3|   0|   17|         14|
    |zext_ln21_reg_6795                           |    3|   0|    6|          3|
    |zext_ln228_reg_6597                          |    4|   0|    7|          3|
    |zext_ln22_1_reg_6808                         |    6|   0|   64|         58|
    |zext_ln239_reg_7383                          |    3|   0|    6|          3|
    |zext_ln255_reg_7727                          |    3|   0|    6|          3|
    |zext_ln261_1_reg_7740                        |    3|   0|    5|          2|
    |zext_ln261_reg_7722                          |    3|   0|    5|          2|
    |zext_ln265_reg_7830                          |    9|   0|   12|          3|
    |zext_ln271_1_reg_7843                        |    3|   0|    6|          3|
    |zext_ln271_reg_7825                          |    9|   0|   11|          2|
    |zext_ln277_reg_7926                          |    9|   0|   12|          3|
    |zext_ln278_1_reg_7921                        |    9|   0|   11|          2|
    |zext_ln278_reg_7915                          |    9|   0|   64|         55|
    |zext_ln285_reg_8015                          |    9|   0|   64|         55|
    |zext_ln30_reg_6842                           |    3|   0|    6|          3|
    |zext_ln36_reg_6856                           |    3|   0|    6|          3|
    |zext_ln45_1_reg_6976                         |    3|   0|    6|          3|
    |zext_ln47_1_reg_7013                         |    6|   0|   64|         58|
    |zext_ln51_reg_7029                           |    2|   0|   32|         30|
    |zext_ln52_reg_7054                           |    2|   0|    6|          4|
    |zext_ln99_reg_6638                           |    3|   0|    6|          3|
    +---------------------------------------------+-----+----+-----+-----------+
    |Total                                        | 4489|   0| 4982|        493|
    +---------------------------------------------+-----+----+-----+-----------+



================================================================
== Interface
================================================================
* Summary: 
+----------------------+-----+-----+------------+--------------+--------------+
|       RTL Ports      | Dir | Bits|  Protocol  | Source Object|    C Type    |
+----------------------+-----+-----+------------+--------------+--------------+
|ap_clk                |  in |    1| ap_ctrl_hs |     music    | return value |
|ap_rst                |  in |    1| ap_ctrl_hs |     music    | return value |
|ap_start              |  in |    1| ap_ctrl_hs |     music    | return value |
|ap_done               | out |    1| ap_ctrl_hs |     music    | return value |
|ap_idle               | out |    1| ap_ctrl_hs |     music    | return value |
|ap_ready              | out |    1| ap_ctrl_hs |     music    | return value |
|X_address0            | out |   16|  ap_memory |       X      |     array    |
|X_ce0                 | out |    1|  ap_memory |       X      |     array    |
|X_q0                  |  in |   32|  ap_memory |       X      |     array    |
|Xj_f_M_real_address0  | out |   16|  ap_memory |  Xj_f_M_real |     array    |
|Xj_f_M_real_ce0       | out |    1|  ap_memory |  Xj_f_M_real |     array    |
|Xj_f_M_real_we0       | out |    1|  ap_memory |  Xj_f_M_real |     array    |
|Xj_f_M_real_d0        | out |   32|  ap_memory |  Xj_f_M_real |     array    |
|Xj_f_M_real_q0        |  in |   32|  ap_memory |  Xj_f_M_real |     array    |
|Xj_f_M_imag_address0  | out |   16|  ap_memory |  Xj_f_M_imag |     array    |
|Xj_f_M_imag_ce0       | out |    1|  ap_memory |  Xj_f_M_imag |     array    |
|Xj_f_M_imag_we0       | out |    1|  ap_memory |  Xj_f_M_imag |     array    |
|Xj_f_M_imag_d0        | out |   32|  ap_memory |  Xj_f_M_imag |     array    |
|Xj_f_M_imag_q0        |  in |   32|  ap_memory |  Xj_f_M_imag |     array    |
|P_sm_address0         | out |    9|  ap_memory |     P_sm     |     array    |
|P_sm_ce0              | out |    1|  ap_memory |     P_sm     |     array    |
|P_sm_we0              | out |    1|  ap_memory |     P_sm     |     array    |
|P_sm_d0               | out |   32|  ap_memory |     P_sm     |     array    |
+----------------------+-----+-----+------------+--------------+--------------+

