#-----------------------------------------------------------
# Webtalk v2019.1 (64-bit)
# SW Build 2552052 on Fri May 24 14:49:42 MDT 2019
# IP Build 2548770 on Fri May 24 18:01:18 MDT 2019
# Start of session at: Fri Jul 31 01:00:37 2020
# Process ID: 16880
# Current directory: C:/Users/zhangqx/workspace/Xilinx_Intern/summer/project/DOA_Estimation_Based_on_MUSIC_HLS/DOA_Estimation_proj/solution2/sim/verilog
# Command line: wbtcv.exe -mode batch -source C:/Users/zhangqx/workspace/Xilinx_Intern/summer/project/DOA_Estimation_Based_on_MUSIC_HLS/DOA_Estimation_proj/solution2/sim/verilog/xsim.dir/music/webtalk/xsim_webtalk.tcl -notrace
# Log file: C:/Users/zhangqx/workspace/Xilinx_Intern/summer/project/DOA_Estimation_Based_on_MUSIC_HLS/DOA_Estimation_proj/solution2/sim/verilog/webtalk.log
# Journal file: C:/Users/zhangqx/workspace/Xilinx_Intern/summer/project/DOA_Estimation_Based_on_MUSIC_HLS/DOA_Estimation_proj/solution2/sim/verilog\webtalk.jou
#-----------------------------------------------------------
source C:/Users/zhangqx/workspace/Xilinx_Intern/summer/project/DOA_Estimation_Based_on_MUSIC_HLS/DOA_Estimation_proj/solution2/sim/verilog/xsim.dir/music/webtalk/xsim_webtalk.tcl -notrace
